     VMA      LMA     Size Align Out     In      Symbol
       0        0        0     1 _estack = ORIGIN ( RAM ) + LENGTH ( RAM )
       0        0        0     1 _Min_Heap_Size = 0x400
       0        0        0     1 _Min_Stack_Size = 0x400
20000004 20000004    18750     4 .text
20000004 20000004      200     1         . = . + 512
20000204 20000204        0     4         output\Dev_Inf.o:(.text)
20000204 20000204        0     4         output\Loader_Src.o:(.text)
20000204 20000204        0     4         D:\LLVM\arm-none-eabi\lib\libc.a(bzero.c.o):(.text)
20000204 20000204       9a     4         D:\LLVM\arm-none-eabi\lib\libc.a(memset.S.o):(.text)
20000204 20000204        0     1                 $t
20000205 20000205       9a     1                 memset
200002a0 200002a0        0     4         output\mx25um51245g.o:(.text)
200002a0 200002a0        0     4         output\stm32u5x9j_discovery.o:(.text)
200002a0 200002a0        0     4         output\stm32u5x9j_discovery_ospi.o:(.text)
200002a0 200002a0        0     4         output\stm32u5xx_hal.o:(.text)
200002a0 200002a0        0     4         output\stm32u5xx_hal_cortex.o:(.text)
200002a0 200002a0        0     4         output\stm32u5xx_hal_dma.o:(.text)
200002a0 200002a0        0     4         output\stm32u5xx_hal_dma_ex.o:(.text)
200002a0 200002a0        0     4         output\stm32u5xx_hal_flash.o:(.text)
200002a0 200002a0        0     4         output\stm32u5xx_hal_flash_ex.o:(.text)
200002a0 200002a0        0     4         output\stm32u5xx_hal_gpio.o:(.text)
200002a0 200002a0        0     4         output\stm32u5xx_hal_ospi.o:(.text)
200002a0 200002a0        0     4         output\stm32u5xx_hal_pwr.o:(.text)
200002a0 200002a0        0     4         output\stm32u5xx_hal_pwr_ex.o:(.text)
200002a0 200002a0        0     4         output\stm32u5xx_hal_rcc.o:(.text)
200002a0 200002a0        0     4         output\stm32u5xx_hal_rcc_ex.o:(.text)
200002a0 200002a0        0     4         output\stm32u5xx_hal_xspi.o:(.text)
200002a0 200002a0        0     4         output\stm32u5xx_ll_dlyb.o:(.text)
200002a0 200002a0        0     4         output\system_stm32u5xx.o:(.text)
200002a0 200002a0       24     2         output\Loader_Src.o:(.text.HAL_Delay)
200002a0 200002a0        0     1                 $t
200002a1 200002a1       24     1                 HAL_Delay
200002c4 200002c4        a     2         output\Loader_Src.o:(.text.HAL_InitTick)
200002c4 200002c4        0     1                 $t
200002c5 200002c5        a     1                 HAL_InitTick
200002ce 200002ce        4     2         output\Loader_Src.o:(.text.HAL_GetTick)
200002ce 200002ce        0     1                 $t
200002cf 200002cf        4     1                 HAL_GetTick
200002d2 200002d2       7e     2         output\Loader_Src.o:(.text.Init)
200002d2 200002d2        0     1                 $t
200002d3 200002d3       7e     1                 Init
20000350 20000350       b0     2         output\Loader_Src.o:(.text.SystemClock_Config)
20000350 20000350        0     1                 $t
20000351 20000351       b0     1                 SystemClock_Config
20000400 20000400       38     2         output\Loader_Src.o:(.text.MassErase)
20000400 20000400        0     1                 $t
20000401 20000401       38     1                 MassErase
20000438 20000438       42     2         output\Loader_Src.o:(.text.Write)
20000438 20000438        0     1                 $t
20000439 20000439       42     1                 Write
2000047a 2000047a       70     2         output\Loader_Src.o:(.text.SectorErase)
2000047a 2000047a        0     1                 $t
2000047b 2000047b       70     1                 SectorErase
200004ea 200004ea      1ca     2         output\Loader_Src.o:(.text.CheckSum)
200004ea 200004ea        0     1                 $t
200004eb 200004eb      1ca     1                 CheckSum
200006b4 200006b4       86     2         output\Loader_Src.o:(.text.Verify)
200006b4 200006b4        0     1                 $t
200006b5 200006b5       86     1                 Verify
2000073a 2000073a        8     2         D:\LLVM\arm-none-eabi\lib\libc.a(bzero.c.o):(.text.bzero)
2000073a 2000073a        0     1                 $t
2000073b 2000073b        8     1                 bzero
2000073b 2000073b        8     1                 __aeabi_memclr4
2000073b 2000073b        8     1                 __aeabi_memclr8
2000073b 2000073b        8     1                 __aeabi_memclr
20000742 20000742       4a     2         output\mx25um51245g.o:(.text.MX25UM51245G_GetFlashInfo)
20000742 20000742        0     1                 $t
20000743 20000743       4a     1                 MX25UM51245G_GetFlashInfo
2000078c 2000078c      13c     2         output\mx25um51245g.o:(.text.MX25UM51245G_AutoPollingMemReady)
2000078c 2000078c        0     1                 $t
2000078d 2000078d      13c     1                 MX25UM51245G_AutoPollingMemReady
200008c8 200008c8      100     2         output\mx25um51245g.o:(.text.MX25UM51245G_ReadSTR)
200008c8 200008c8        0     1                 $t
200008c9 200008c9      100     1                 MX25UM51245G_ReadSTR
200009c8 200009c8       a0     2         output\mx25um51245g.o:(.text.MX25UM51245G_ReadDTR)
200009c8 200009c8        0     1                 $t
200009c9 200009c9       a0     1                 MX25UM51245G_ReadDTR
20000a68 20000a68       f6     2         output\mx25um51245g.o:(.text.MX25UM51245G_PageProgram)
20000a68 20000a68        0     1                 $t
20000a69 20000a69       f6     1                 MX25UM51245G_PageProgram
20000b5e 20000b5e       9a     2         output\mx25um51245g.o:(.text.MX25UM51245G_PageProgramDTR)
20000b5e 20000b5e        0     1                 $t
20000b5f 20000b5f       9a     1                 MX25UM51245G_PageProgramDTR
20000bf8 20000bf8      128     2         output\mx25um51245g.o:(.text.MX25UM51245G_BlockErase)
20000bf8 20000bf8        0     1                 $t
20000bf9 20000bf9      128     1                 MX25UM51245G_BlockErase
20000d20 20000d20       96     2         output\mx25um51245g.o:(.text.MX25UM51245G_ChipErase)
20000d20 20000d20        0     1                 $t
20000d21 20000d21       96     1                 MX25UM51245G_ChipErase
20000db6 20000db6      136     2         output\mx25um51245g.o:(.text.MX25UM51245G_EnableSTRMemoryMappedMode)
20000db6 20000db6        0     1                 $t
20000db7 20000db7      136     1                 MX25UM51245G_EnableSTRMemoryMappedMode
20000eec 20000eec       c2     2         output\mx25um51245g.o:(.text.MX25UM51245G_EnableDTRMemoryMappedMode)
20000eec 20000eec        0     1                 $t
20000eed 20000eed       c2     1                 MX25UM51245G_EnableDTRMemoryMappedMode
20000fae 20000fae       96     2         output\mx25um51245g.o:(.text.MX25UM51245G_Suspend)
20000fae 20000fae        0     1                 $t
20000faf 20000faf       96     1                 MX25UM51245G_Suspend
20001044 20001044       96     2         output\mx25um51245g.o:(.text.MX25UM51245G_Resume)
20001044 20001044        0     1                 $t
20001045 20001045       96     1                 MX25UM51245G_Resume
200010da 200010da      16e     2         output\mx25um51245g.o:(.text.MX25UM51245G_WriteEnable)
200010da 200010da        0     1                 $t
200010db 200010db      16e     1                 MX25UM51245G_WriteEnable
20001248 20001248       96     2         output\mx25um51245g.o:(.text.MX25UM51245G_WriteDisable)
20001248 20001248        0     1                 $t
20001249 20001249       96     1                 MX25UM51245G_WriteDisable
200012de 200012de      120     2         output\mx25um51245g.o:(.text.MX25UM51245G_ReadStatusRegister)
200012de 200012de        0     1                 $t
200012df 200012df      120     1                 MX25UM51245G_ReadStatusRegister
200013fe 200013fe      13a     2         output\mx25um51245g.o:(.text.MX25UM51245G_WriteStatusRegister)
200013fe 200013fe        0     1                 $t
200013ff 200013ff      13a     1                 MX25UM51245G_WriteStatusRegister
20001538 20001538      122     2         output\mx25um51245g.o:(.text.MX25UM51245G_ReadCfgRegister)
20001538 20001538        0     1                 $t
20001539 20001539      122     1                 MX25UM51245G_ReadCfgRegister
2000165a 2000165a      144     2         output\mx25um51245g.o:(.text.MX25UM51245G_WriteCfgRegister)
2000165a 2000165a        0     1                 $t
2000165b 2000165b      144     1                 MX25UM51245G_WriteCfgRegister
2000179e 2000179e      11c     2         output\mx25um51245g.o:(.text.MX25UM51245G_WriteCfg2Register)
2000179e 2000179e        0     1                 $t
2000179f 2000179f      11c     1                 MX25UM51245G_WriteCfg2Register
200018ba 200018ba      12a     2         output\mx25um51245g.o:(.text.MX25UM51245G_ReadCfg2Register)
200018ba 200018ba        0     1                 $t
200018bb 200018bb      12a     1                 MX25UM51245G_ReadCfg2Register
200019e4 200019e4       9a     2         output\mx25um51245g.o:(.text.MX25UM51245G_WriteSecurityRegister)
200019e4 200019e4        0     1                 $t
200019e5 200019e5       9a     1                 MX25UM51245G_WriteSecurityRegister
20001a7e 20001a7e      120     2         output\mx25um51245g.o:(.text.MX25UM51245G_ReadSecurityRegister)
20001a7e 20001a7e        0     1                 $t
20001a7f 20001a7f      120     1                 MX25UM51245G_ReadSecurityRegister
20001b9e 20001b9e      118     2         output\mx25um51245g.o:(.text.MX25UM51245G_ReadID)
20001b9e 20001b9e        0     1                 $t
20001b9f 20001b9f      118     1                 MX25UM51245G_ReadID
20001cb6 20001cb6       96     2         output\mx25um51245g.o:(.text.MX25UM51245G_ResetEnable)
20001cb6 20001cb6        0     1                 $t
20001cb7 20001cb7       96     1                 MX25UM51245G_ResetEnable
20001d4c 20001d4c       96     2         output\mx25um51245g.o:(.text.MX25UM51245G_ResetMemory)
20001d4c 20001d4c        0     1                 $t
20001d4d 20001d4d       96     1                 MX25UM51245G_ResetMemory
20001de2 20001de2       92     2         output\mx25um51245g.o:(.text.MX25UM51245G_NoOperation)
20001de2 20001de2        0     1                 $t
20001de3 20001de3       92     1                 MX25UM51245G_NoOperation
20001e74 20001e74       96     2         output\mx25um51245g.o:(.text.MX25UM51245G_EnterPowerDown)
20001e74 20001e74        0     1                 $t
20001e75 20001e75       96     1                 MX25UM51245G_EnterPowerDown
20001f0a 20001f0a        8     2         output\stm32u5x9j_discovery.o:(.text.BSP_GetVersion)
20001f0a 20001f0a        0     1                 $t
20001f0b 20001f0b        8     1                 BSP_GetVersion
20001f12 20001f12        a     2         output\stm32u5x9j_discovery.o:(.text.BSP_GetBoardName)
20001f12 20001f12        0     1                 $t
20001f13 20001f13        a     1                 BSP_GetBoardName
20001f1c 20001f1c        a     2         output\stm32u5x9j_discovery.o:(.text.BSP_GetBoardID)
20001f1c 20001f1c        0     1                 $t
20001f1d 20001f1d        a     1                 BSP_GetBoardID
20001f26 20001f26       98     2         output\stm32u5x9j_discovery.o:(.text.BSP_LED_Init)
20001f26 20001f26        0     1                 $t
20001f27 20001f27       98     1                 BSP_LED_Init
20001fbe 20001fbe       48     2         output\stm32u5x9j_discovery.o:(.text.BSP_LED_DeInit)
20001fbe 20001fbe        0     1                 $t
20001fbf 20001fbf       48     1                 BSP_LED_DeInit
20002006 20002006       32     2         output\stm32u5x9j_discovery.o:(.text.BSP_LED_On)
20002006 20002006        0     1                 $t
20002007 20002007       32     1                 BSP_LED_On
20002038 20002038       34     2         output\stm32u5x9j_discovery.o:(.text.BSP_LED_Off)
20002038 20002038        0     1                 $t
20002039 20002039       34     1                 BSP_LED_Off
2000206c 2000206c       30     2         output\stm32u5x9j_discovery.o:(.text.BSP_LED_Toggle)
2000206c 2000206c        0     1                 $t
2000206d 2000206d       30     1                 BSP_LED_Toggle
2000209c 2000209c       54     2         output\stm32u5x9j_discovery.o:(.text.BSP_LED_GetState)
2000209c 2000209c        0     1                 $t
2000209d 2000209d       54     1                 BSP_LED_GetState
200020f0 200020f0       a8     2         output\stm32u5x9j_discovery.o:(.text.BSP_PB_Init)
200020f0 200020f0        0     1                 $t
200020f1 200020f1       a8     1                 BSP_PB_Init
20002198 20002198       58     2         output\stm32u5x9j_discovery.o:(.text.BSP_PB_DeInit)
20002198 20002198        0     1                 $t
20002199 20002199       58     1                 BSP_PB_DeInit
200021f0 200021f0       2a     2         output\stm32u5x9j_discovery.o:(.text.BSP_PB_GetState)
200021f0 200021f0        0     1                 $t
200021f1 200021f1       2a     1                 BSP_PB_GetState
2000221a 2000221a        8     2         output\stm32u5x9j_discovery.o:(.text.BSP_PB_IRQHandler)
2000221a 2000221a        0     1                 $t
2000221b 2000221b        8     1                 BSP_PB_IRQHandler
20002222 20002222        8     2         output\stm32u5x9j_discovery.o:(.text.BSP_PB_Callback)
20002222 20002222        0     1                 $t
20002223 20002223        8     1                 BSP_PB_Callback
2000222a 2000222a       1e     2         output\stm32u5x9j_discovery.o:(.text.BSP_COM_DeInit)
2000222a 2000222a        0     1                 $t
2000222b 2000222b       1e     1                 BSP_COM_DeInit
20002248 20002248      12a     2         output\stm32u5x9j_discovery_ospi.o:(.text.BSP_OSPI_NOR_Init)
20002248 20002248        0     1                 $t
20002249 20002249      12a     1                 BSP_OSPI_NOR_Init
20002372 20002372      30e     2         output\stm32u5x9j_discovery_ospi.o:(.text.OSPI_NOR_MspInit)
20002372 20002372        0     1                 $t
20002373 20002373      30e     1                 OSPI_NOR_MspInit
20002680 20002680       86     2         output\stm32u5x9j_discovery_ospi.o:(.text.MX_OSPI_NOR_Init)
20002680 20002680        0     1                 $t
20002681 20002681       86     1                 MX_OSPI_NOR_Init
20002706 20002706       80     2         output\stm32u5x9j_discovery_ospi.o:(.text.OSPI_DLYB_Enable)
20002706 20002706        0     1                 $t
20002707 20002707       80     1                 OSPI_DLYB_Enable
20002786 20002786      134     2         output\stm32u5x9j_discovery_ospi.o:(.text.OSPI_NOR_ResetMemory)
20002786 20002786        0     1                 $t
20002787 20002787      134     1                 OSPI_NOR_ResetMemory
200028ba 200028ba      136     2         output\stm32u5x9j_discovery_ospi.o:(.text.BSP_OSPI_NOR_ConfigFlash)
200028ba 200028ba        0     1                 $t
200028bb 200028bb      136     1                 BSP_OSPI_NOR_ConfigFlash
200029f0 200029f0       ce     2         output\stm32u5x9j_discovery_ospi.o:(.text.BSP_OSPI_NOR_DeInit)
200029f0 200029f0        0     1                 $t
200029f1 200029f1       ce     1                 BSP_OSPI_NOR_DeInit
20002abe 20002abe      116     2         output\stm32u5x9j_discovery_ospi.o:(.text.BSP_OSPI_NOR_DisableMemoryMappedMode)
20002abe 20002abe        0     1                 $t
20002abf 20002abf      116     1                 BSP_OSPI_NOR_DisableMemoryMappedMode
20002bd4 20002bd4       30     2         output\stm32u5x9j_discovery_ospi.o:(.text.OSPI_NOR_MspDeInit)
20002bd4 20002bd4        0     1                 $t
20002bd5 20002bd5       30     1                 OSPI_NOR_MspDeInit
20002c04 20002c04       b8     2         output\stm32u5x9j_discovery_ospi.o:(.text.BSP_OSPI_NOR_Read)
20002c04 20002c04        0     1                 $t
20002c05 20002c05       b8     1                 BSP_OSPI_NOR_Read
20002cbc 20002cbc      1dc     2         output\stm32u5x9j_discovery_ospi.o:(.text.BSP_OSPI_NOR_Write)
20002cbc 20002cbc        0     1                 $t
20002cbd 20002cbd      1dc     1                 BSP_OSPI_NOR_Write
20002e98 20002e98       d4     2         output\stm32u5x9j_discovery_ospi.o:(.text.BSP_OSPI_NOR_Erase_Block)
20002e98 20002e98        0     1                 $t
20002e99 20002e99       d4     1                 BSP_OSPI_NOR_Erase_Block
20002f6c 20002f6c       be     2         output\stm32u5x9j_discovery_ospi.o:(.text.BSP_OSPI_NOR_Erase_Chip)
20002f6c 20002f6c        0     1                 $t
20002f6d 20002f6d       be     1                 BSP_OSPI_NOR_Erase_Chip
2000302a 2000302a       ec     2         output\stm32u5x9j_discovery_ospi.o:(.text.BSP_OSPI_NOR_GetStatus)
2000302a 2000302a        0     1                 $t
2000302b 2000302b       ec     1                 BSP_OSPI_NOR_GetStatus
20003116 20003116       2a     2         output\stm32u5x9j_discovery_ospi.o:(.text.BSP_OSPI_NOR_GetInfo)
20003116 20003116        0     1                 $t
20003117 20003117       2a     1                 BSP_OSPI_NOR_GetInfo
20003140 20003140       cc     2         output\stm32u5x9j_discovery_ospi.o:(.text.BSP_OSPI_NOR_EnableMemoryMappedMode)
20003140 20003140        0     1                 $t
20003141 20003141       cc     1                 BSP_OSPI_NOR_EnableMemoryMappedMode
2000320c 2000320c       5a     2         output\stm32u5x9j_discovery_ospi.o:(.text.BSP_OSPI_NOR_ReadID)
2000320c 2000320c        0     1                 $t
2000320d 2000320d       5a     1                 BSP_OSPI_NOR_ReadID
20003266 20003266      160     2         output\stm32u5x9j_discovery_ospi.o:(.text.OSPI_NOR_ExitOPIMode)
20003266 20003266        0     1                 $t
20003267 20003267      160     1                 OSPI_NOR_ExitOPIMode
200033c6 200033c6      1b0     2         output\stm32u5x9j_discovery_ospi.o:(.text.OSPI_NOR_EnterDOPIMode)
200033c6 200033c6        0     1                 $t
200033c7 200033c7      1b0     1                 OSPI_NOR_EnterDOPIMode
20003576 20003576      16c     2         output\stm32u5x9j_discovery_ospi.o:(.text.OSPI_NOR_EnterSOPIMode)
20003576 20003576        0     1                 $t
20003577 20003577      16c     1                 OSPI_NOR_EnterSOPIMode
200036e2 200036e2       82     2         output\stm32u5x9j_discovery_ospi.o:(.text.BSP_OSPI_NOR_SuspendErase)
200036e2 200036e2        0     1                 $t
200036e3 200036e3       82     1                 BSP_OSPI_NOR_SuspendErase
20003764 20003764       82     2         output\stm32u5x9j_discovery_ospi.o:(.text.BSP_OSPI_NOR_ResumeErase)
20003764 20003764        0     1                 $t
20003765 20003765       82     1                 BSP_OSPI_NOR_ResumeErase
200037e6 200037e6       56     2         output\stm32u5x9j_discovery_ospi.o:(.text.BSP_OSPI_NOR_EnterDeepPowerDown)
200037e6 200037e6        0     1                 $t
200037e7 200037e7       56     1                 BSP_OSPI_NOR_EnterDeepPowerDown
2000383c 2000383c       56     2         output\stm32u5x9j_discovery_ospi.o:(.text.BSP_OSPI_NOR_LeaveDeepPowerDown)
2000383c 2000383c        0     1                 $t
2000383d 2000383d       56     1                 BSP_OSPI_NOR_LeaveDeepPowerDown
20003892 20003892       64     2         output\stm32u5xx_hal.o:(.text.HAL_Init)
20003892 20003892        0     1                 $t
20003893 20003893       64     1                 HAL_Init
200038f6 200038f6       7e     2         output\stm32u5xx_hal.o:(.text.HAL_InitTick)
200038f6 200038f6        0     1                 $t
20003974 20003974        2     2         output\stm32u5xx_hal.o:(.text.HAL_MspInit)
20003974 20003974        0     1                 $t
20003975 20003975        2     1                 HAL_MspInit
20003976 20003976       ce     2         output\stm32u5xx_hal.o:(.text.HAL_DeInit)
20003976 20003976        0     1                 $t
20003977 20003977       ce     1                 HAL_DeInit
20003a44 20003a44        2     2         output\stm32u5xx_hal.o:(.text.HAL_MspDeInit)
20003a44 20003a44        0     1                 $t
20003a45 20003a45        2     1                 HAL_MspDeInit
20003a46 20003a46       1a     2         output\stm32u5xx_hal.o:(.text.HAL_IncTick)
20003a46 20003a46        0     1                 $t
20003a47 20003a47       1a     1                 HAL_IncTick
20003a60 20003a60        c     2         output\stm32u5xx_hal.o:(.text.HAL_GetTick)
20003a60 20003a60        0     1                 $t
20003a6c 20003a6c        c     2         output\stm32u5xx_hal.o:(.text.HAL_GetTickPrio)
20003a6c 20003a6c        0     1                 $t
20003a6d 20003a6d        c     1                 HAL_GetTickPrio
20003a78 20003a78       4a     2         output\stm32u5xx_hal.o:(.text.HAL_SetTickFreq)
20003a78 20003a78        0     1                 $t
20003a79 20003a79       4a     1                 HAL_SetTickFreq
20003ac2 20003ac2        c     2         output\stm32u5xx_hal.o:(.text.HAL_GetTickFreq)
20003ac2 20003ac2        0     1                 $t
20003ac3 20003ac3        c     1                 HAL_GetTickFreq
20003ace 20003ace       44     2         output\stm32u5xx_hal.o:(.text.HAL_Delay)
20003ace 20003ace        0     1                 $t
20003b12 20003b12       12     2         output\stm32u5xx_hal.o:(.text.HAL_SuspendTick)
20003b12 20003b12        0     1                 $t
20003b13 20003b13       12     1                 HAL_SuspendTick
20003b24 20003b24       12     2         output\stm32u5xx_hal.o:(.text.HAL_ResumeTick)
20003b24 20003b24        0     1                 $t
20003b25 20003b25       12     1                 HAL_ResumeTick
20003b36 20003b36        8     2         output\stm32u5xx_hal.o:(.text.HAL_GetHalVersion)
20003b36 20003b36        0     1                 $t
20003b37 20003b37        8     1                 HAL_GetHalVersion
20003b3e 20003b3e        e     2         output\stm32u5xx_hal.o:(.text.HAL_GetREVID)
20003b3e 20003b3e        0     1                 $t
20003b3f 20003b3f        e     1                 HAL_GetREVID
20003b4c 20003b4c       10     2         output\stm32u5xx_hal.o:(.text.HAL_GetDEVID)
20003b4c 20003b4c        0     1                 $t
20003b4d 20003b4d       10     1                 HAL_GetDEVID
20003b5c 20003b5c        c     2         output\stm32u5xx_hal.o:(.text.HAL_GetUIDw0)
20003b5c 20003b5c        0     1                 $t
20003b5d 20003b5d        c     1                 HAL_GetUIDw0
20003b68 20003b68        c     2         output\stm32u5xx_hal.o:(.text.HAL_GetUIDw1)
20003b68 20003b68        0     1                 $t
20003b69 20003b69        c     1                 HAL_GetUIDw1
20003b74 20003b74        c     2         output\stm32u5xx_hal.o:(.text.HAL_GetUIDw2)
20003b74 20003b74        0     1                 $t
20003b75 20003b75        c     1                 HAL_GetUIDw2
20003b80 20003b80       12     2         output\stm32u5xx_hal.o:(.text.HAL_DBGMCU_EnableDBGStopMode)
20003b80 20003b80        0     1                 $t
20003b81 20003b81       12     1                 HAL_DBGMCU_EnableDBGStopMode
20003b92 20003b92       12     2         output\stm32u5xx_hal.o:(.text.HAL_DBGMCU_DisableDBGStopMode)
20003b92 20003b92        0     1                 $t
20003b93 20003b93       12     1                 HAL_DBGMCU_DisableDBGStopMode
20003ba4 20003ba4       12     2         output\stm32u5xx_hal.o:(.text.HAL_DBGMCU_EnableDBGStandbyMode)
20003ba4 20003ba4        0     1                 $t
20003ba5 20003ba5       12     1                 HAL_DBGMCU_EnableDBGStandbyMode
20003bb6 20003bb6       12     2         output\stm32u5xx_hal.o:(.text.HAL_DBGMCU_DisableDBGStandbyMode)
20003bb6 20003bb6        0     1                 $t
20003bb7 20003bb7       12     1                 HAL_DBGMCU_DisableDBGStandbyMode
20003bc8 20003bc8       1c     2         output\stm32u5xx_hal.o:(.text.HAL_SYSCFG_VREFBUF_VoltageScalingConfig)
20003bc8 20003bc8        0     1                 $t
20003bc9 20003bc9       1c     1                 HAL_SYSCFG_VREFBUF_VoltageScalingConfig
20003be4 20003be4       1c     2         output\stm32u5xx_hal.o:(.text.HAL_SYSCFG_VREFBUF_HighImpedanceConfig)
20003be4 20003be4        0     1                 $t
20003be5 20003be5       1c     1                 HAL_SYSCFG_VREFBUF_HighImpedanceConfig
20003c00 20003c00       1c     2         output\stm32u5xx_hal.o:(.text.HAL_SYSCFG_VREFBUF_TrimmingConfig)
20003c00 20003c00        0     1                 $t
20003c01 20003c01       1c     1                 HAL_SYSCFG_VREFBUF_TrimmingConfig
20003c1c 20003c1c       52     2         output\stm32u5xx_hal.o:(.text.HAL_SYSCFG_EnableVREFBUF)
20003c1c 20003c1c        0     1                 $t
20003c1d 20003c1d       52     1                 HAL_SYSCFG_EnableVREFBUF
20003c6e 20003c6e       12     2         output\stm32u5xx_hal.o:(.text.HAL_SYSCFG_DisableVREFBUF)
20003c6e 20003c6e        0     1                 $t
20003c6f 20003c6f       12     1                 HAL_SYSCFG_DisableVREFBUF
20003c80 20003c80       12     2         output\stm32u5xx_hal.o:(.text.HAL_SYSCFG_EnableIOAnalogSwitchBooster)
20003c80 20003c80        0     1                 $t
20003c81 20003c81       12     1                 HAL_SYSCFG_EnableIOAnalogSwitchBooster
20003c92 20003c92       12     2         output\stm32u5xx_hal.o:(.text.HAL_SYSCFG_DisableIOAnalogSwitchBooster)
20003c92 20003c92        0     1                 $t
20003c93 20003c93       12     1                 HAL_SYSCFG_DisableIOAnalogSwitchBooster
20003ca4 20003ca4       12     2         output\stm32u5xx_hal.o:(.text.HAL_SYSCFG_EnableSRAMCached)
20003ca4 20003ca4        0     1                 $t
20003ca5 20003ca5       12     1                 HAL_SYSCFG_EnableSRAMCached
20003cb6 20003cb6       12     2         output\stm32u5xx_hal.o:(.text.HAL_SYSCFG_DisableSRAMCached)
20003cb6 20003cb6        0     1                 $t
20003cb7 20003cb7       12     1                 HAL_SYSCFG_DisableSRAMCached
20003cc8 20003cc8       12     2         output\stm32u5xx_hal.o:(.text.HAL_SYSCFG_EnableVddCompensationCell)
20003cc8 20003cc8        0     1                 $t
20003cc9 20003cc9       12     1                 HAL_SYSCFG_EnableVddCompensationCell
20003cda 20003cda       12     2         output\stm32u5xx_hal.o:(.text.HAL_SYSCFG_EnableVddIO2CompensationCell)
20003cda 20003cda        0     1                 $t
20003cdb 20003cdb       12     1                 HAL_SYSCFG_EnableVddIO2CompensationCell
20003cec 20003cec       12     2         output\stm32u5xx_hal.o:(.text.HAL_SYSCFG_EnableVddHSPICompensationCell)
20003cec 20003cec        0     1                 $t
20003ced 20003ced       12     1                 HAL_SYSCFG_EnableVddHSPICompensationCell
20003cfe 20003cfe       12     2         output\stm32u5xx_hal.o:(.text.HAL_SYSCFG_DisableVddCompensationCell)
20003cfe 20003cfe        0     1                 $t
20003cff 20003cff       12     1                 HAL_SYSCFG_DisableVddCompensationCell
20003d10 20003d10       12     2         output\stm32u5xx_hal.o:(.text.HAL_SYSCFG_DisableVddIO2CompensationCell)
20003d10 20003d10        0     1                 $t
20003d11 20003d11       12     1                 HAL_SYSCFG_DisableVddIO2CompensationCell
20003d22 20003d22       12     2         output\stm32u5xx_hal.o:(.text.HAL_SYSCFG_DisableVddHSPICompensationCell)
20003d22 20003d22        0     1                 $t
20003d23 20003d23       12     1                 HAL_SYSCFG_DisableVddHSPICompensationCell
20003d34 20003d34       24     2         output\stm32u5xx_hal.o:(.text.HAL_SYSCFG_Lock)
20003d34 20003d34        0     1                 $t
20003d35 20003d35       24     1                 HAL_SYSCFG_Lock
20003d58 20003d58       40     2         output\stm32u5xx_hal.o:(.text.HAL_SYSCFG_GetLock)
20003d58 20003d58        0     1                 $t
20003d59 20003d59       40     1                 HAL_SYSCFG_GetLock
20003d98 20003d98       40     2         output\stm32u5xx_hal.o:(.text.HAL_SYSCFG_ConfigAttributes)
20003d98 20003d98        0     1                 $t
20003d99 20003d99       40     1                 HAL_SYSCFG_ConfigAttributes
20003dd8 20003dd8       40     2         output\stm32u5xx_hal.o:(.text.HAL_SYSCFG_GetConfigAttributes)
20003dd8 20003dd8        0     1                 $t
20003dd9 20003dd9       40     1                 HAL_SYSCFG_GetConfigAttributes
20003e18 20003e18       1c     2         output\stm32u5xx_hal.o:(.text.HAL_SYSCFG_EnableOTGPHY)
20003e18 20003e18        0     1                 $t
20003e19 20003e19       1c     1                 HAL_SYSCFG_EnableOTGPHY
20003e34 20003e34       1c     2         output\stm32u5xx_hal.o:(.text.HAL_SYSCFG_SetOTGPHYPowerDownConfig)
20003e34 20003e34        0     1                 $t
20003e35 20003e35       1c     1                 HAL_SYSCFG_SetOTGPHYPowerDownConfig
20003e50 20003e50       1c     2         output\stm32u5xx_hal.o:(.text.HAL_SYSCFG_SetOTGPHYReferenceClockSelection)
20003e50 20003e50        0     1                 $t
20003e51 20003e51       1c     1                 HAL_SYSCFG_SetOTGPHYReferenceClockSelection
20003e6c 20003e6c       1c     2         output\stm32u5xx_hal.o:(.text.HAL_SYSCFG_SetOTGPHYDisconnectThreshold)
20003e6c 20003e6c        0     1                 $t
20003e6d 20003e6d       1c     1                 HAL_SYSCFG_SetOTGPHYDisconnectThreshold
20003e88 20003e88       1c     2         output\stm32u5xx_hal.o:(.text.HAL_SYSCFG_SetOTGPHYSquelchThreshold)
20003e88 20003e88        0     1                 $t
20003e89 20003e89       1c     1                 HAL_SYSCFG_SetOTGPHYSquelchThreshold
20003ea4 20003ea4       1c     2         output\stm32u5xx_hal.o:(.text.HAL_SYSCFG_SetOTGPHYPreemphasisCurrent)
20003ea4 20003ea4        0     1                 $t
20003ea5 20003ea5       1c     1                 HAL_SYSCFG_SetOTGPHYPreemphasisCurrent
20003ec0 20003ec0       12     2         output\stm32u5xx_hal_cortex.o:(.text.HAL_NVIC_SetPriorityGrouping)
20003ec0 20003ec0        0     1                 $t
20003ec1 20003ec1       12     1                 HAL_NVIC_SetPriorityGrouping
20003ed2 20003ed2       3c     2         output\stm32u5xx_hal_cortex.o:(.text.__NVIC_SetPriorityGrouping)
20003ed2 20003ed2        0     1                 $t
20003ed3 20003ed3       3c     1                 __NVIC_SetPriorityGrouping
20003f0e 20003f0e       2c     2         output\stm32u5xx_hal_cortex.o:(.text.HAL_NVIC_SetPriority)
20003f0e 20003f0e        0     1                 $t
20003f0f 20003f0f       2c     1                 HAL_NVIC_SetPriority
20003f3a 20003f3a       10     2         output\stm32u5xx_hal_cortex.o:(.text.__NVIC_GetPriorityGrouping)
20003f3a 20003f3a        0     1                 $t
20003f3b 20003f3b       10     1                 __NVIC_GetPriorityGrouping
20003f4a 20003f4a       3a     2         output\stm32u5xx_hal_cortex.o:(.text.__NVIC_SetPriority)
20003f4a 20003f4a        0     1                 $t
20003f4b 20003f4b       3a     1                 __NVIC_SetPriority
20003f84 20003f84       6c     2         output\stm32u5xx_hal_cortex.o:(.text.NVIC_EncodePriority)
20003f84 20003f84        0     1                 $t
20003f85 20003f85       6c     1                 NVIC_EncodePriority
20003ff0 20003ff0       12     2         output\stm32u5xx_hal_cortex.o:(.text.HAL_NVIC_EnableIRQ)
20003ff0 20003ff0        0     1                 $t
20003ff1 20003ff1       12     1                 HAL_NVIC_EnableIRQ
20004002 20004002       2a     2         output\stm32u5xx_hal_cortex.o:(.text.__NVIC_EnableIRQ)
20004002 20004002        0     1                 $t
20004003 20004003       2a     1                 __NVIC_EnableIRQ
2000402c 2000402c       12     2         output\stm32u5xx_hal_cortex.o:(.text.HAL_NVIC_DisableIRQ)
2000402c 2000402c        0     1                 $t
2000402d 2000402d       12     1                 HAL_NVIC_DisableIRQ
2000403e 2000403e       32     2         output\stm32u5xx_hal_cortex.o:(.text.__NVIC_DisableIRQ)
2000403e 2000403e        0     1                 $t
2000403f 2000403f       32     1                 __NVIC_DisableIRQ
20004070 20004070        a     2         output\stm32u5xx_hal_cortex.o:(.text.HAL_NVIC_SystemReset)
20004070 20004070        0     1                 $t
20004071 20004071        a     1                 HAL_NVIC_SystemReset
2000407a 2000407a       26     2         output\stm32u5xx_hal_cortex.o:(.text.NVIC_SystemReset)
2000407a 2000407a        0     1                 $t
2000407b 2000407b       26     1                 NVIC_SystemReset
200040a0 200040a0       12     2         output\stm32u5xx_hal_cortex.o:(.text.HAL_SYSTICK_Config)
200040a0 200040a0        0     1                 $t
200040a1 200040a1       12     1                 HAL_SYSTICK_Config
200040b2 200040b2       54     2         output\stm32u5xx_hal_cortex.o:(.text.SysTick_Config)
200040b2 200040b2        0     1                 $t
200040b3 200040b3       54     1                 SysTick_Config
20004106 20004106        a     2         output\stm32u5xx_hal_cortex.o:(.text.HAL_NVIC_GetPriorityGrouping)
20004106 20004106        0     1                 $t
20004107 20004107        a     1                 HAL_NVIC_GetPriorityGrouping
20004110 20004110       22     2         output\stm32u5xx_hal_cortex.o:(.text.HAL_NVIC_GetPriority)
20004110 20004110        0     1                 $t
20004111 20004111       22     1                 HAL_NVIC_GetPriority
20004132 20004132       76     2         output\stm32u5xx_hal_cortex.o:(.text.NVIC_DecodePriority)
20004132 20004132        0     1                 $t
20004133 20004133       76     1                 NVIC_DecodePriority
200041a8 200041a8       3a     2         output\stm32u5xx_hal_cortex.o:(.text.__NVIC_GetPriority)
200041a8 200041a8        0     1                 $t
200041a9 200041a9       3a     1                 __NVIC_GetPriority
200041e2 200041e2       12     2         output\stm32u5xx_hal_cortex.o:(.text.HAL_NVIC_SetPendingIRQ)
200041e2 200041e2        0     1                 $t
200041e3 200041e3       12     1                 HAL_NVIC_SetPendingIRQ
200041f4 200041f4       2a     2         output\stm32u5xx_hal_cortex.o:(.text.__NVIC_SetPendingIRQ)
200041f4 200041f4        0     1                 $t
200041f5 200041f5       2a     1                 __NVIC_SetPendingIRQ
2000421e 2000421e       12     2         output\stm32u5xx_hal_cortex.o:(.text.HAL_NVIC_GetPendingIRQ)
2000421e 2000421e        0     1                 $t
2000421f 2000421f       12     1                 HAL_NVIC_GetPendingIRQ
20004230 20004230       38     2         output\stm32u5xx_hal_cortex.o:(.text.__NVIC_GetPendingIRQ)
20004230 20004230        0     1                 $t
20004231 20004231       38     1                 __NVIC_GetPendingIRQ
20004268 20004268       12     2         output\stm32u5xx_hal_cortex.o:(.text.HAL_NVIC_ClearPendingIRQ)
20004268 20004268        0     1                 $t
20004269 20004269       12     1                 HAL_NVIC_ClearPendingIRQ
2000427a 2000427a       2a     2         output\stm32u5xx_hal_cortex.o:(.text.__NVIC_ClearPendingIRQ)
2000427a 2000427a        0     1                 $t
2000427b 2000427b       2a     1                 __NVIC_ClearPendingIRQ
200042a4 200042a4       12     2         output\stm32u5xx_hal_cortex.o:(.text.HAL_NVIC_GetActive)
200042a4 200042a4        0     1                 $t
200042a5 200042a5       12     1                 HAL_NVIC_GetActive
200042b6 200042b6       38     2         output\stm32u5xx_hal_cortex.o:(.text.__NVIC_GetActive)
200042b6 200042b6        0     1                 $t
200042b7 200042b7       38     1                 __NVIC_GetActive
200042f0 200042f0       9a     4         output\stm32u5xx_hal_cortex.o:(.text.HAL_SYSTICK_CLKSourceConfig)
200042f0 200042f0        0     1                 $t
200042f1 200042f1       9a     1                 HAL_SYSTICK_CLKSourceConfig
20004302 20004302        0     1                 $d
20004308 20004308        0     1                 $t
2000438a 2000438a        a     2         output\stm32u5xx_hal_cortex.o:(.text.HAL_SYSTICK_IRQHandler)
2000438a 2000438a        0     1                 $t
2000438b 2000438b        a     1                 HAL_SYSTICK_IRQHandler
20004394 20004394        2     2         output\stm32u5xx_hal_cortex.o:(.text.HAL_SYSTICK_Callback)
20004394 20004394        0     1                 $t
20004395 20004395        2     1                 HAL_SYSTICK_Callback
20004396 20004396       34     2         output\stm32u5xx_hal_cortex.o:(.text.HAL_MPU_Enable)
20004396 20004396        0     1                 $t
20004397 20004397       34     1                 HAL_MPU_Enable
200043ca 200043ca       34     2         output\stm32u5xx_hal_cortex.o:(.text.HAL_MPU_Enable_NS)
200043ca 200043ca        0     1                 $t
200043cb 200043cb       34     1                 HAL_MPU_Enable_NS
200043fe 200043fe       2e     2         output\stm32u5xx_hal_cortex.o:(.text.HAL_MPU_Disable)
200043fe 200043fe        0     1                 $t
200043ff 200043ff       2e     1                 HAL_MPU_Disable
2000442c 2000442c       2e     2         output\stm32u5xx_hal_cortex.o:(.text.HAL_MPU_Disable_NS)
2000442c 2000442c        0     1                 $t
2000442d 2000442d       2e     1                 HAL_MPU_Disable_NS
2000445a 2000445a       1a     2         output\stm32u5xx_hal_cortex.o:(.text.HAL_MPU_ConfigRegion)
2000445a 2000445a        0     1                 $t
2000445b 2000445b       1a     1                 HAL_MPU_ConfigRegion
20004474 20004474       5e     2         output\stm32u5xx_hal_cortex.o:(.text.MPU_ConfigRegion)
20004474 20004474        0     1                 $t
20004475 20004475       5e     1                 MPU_ConfigRegion
200044d2 200044d2       1a     2         output\stm32u5xx_hal_cortex.o:(.text.HAL_MPU_ConfigRegion_NS)
200044d2 200044d2        0     1                 $t
200044d3 200044d3       1a     1                 HAL_MPU_ConfigRegion_NS
200044ec 200044ec       1a     2         output\stm32u5xx_hal_cortex.o:(.text.HAL_MPU_ConfigMemoryAttributes)
200044ec 200044ec        0     1                 $t
200044ed 200044ed       1a     1                 HAL_MPU_ConfigMemoryAttributes
20004506 20004506       5e     2         output\stm32u5xx_hal_cortex.o:(.text.MPU_ConfigMemoryAttributes)
20004506 20004506        0     1                 $t
20004507 20004507       5e     1                 MPU_ConfigMemoryAttributes
20004564 20004564       1a     2         output\stm32u5xx_hal_cortex.o:(.text.HAL_MPU_ConfigMemoryAttributes_NS)
20004564 20004564        0     1                 $t
20004565 20004565       1a     1                 HAL_MPU_ConfigMemoryAttributes_NS
2000457e 2000457e      38e     2         output\stm32u5xx_hal_dma.o:(.text.HAL_DMA_Init)
2000457e 2000457e        0     1                 $t
2000457f 2000457f      38e     1                 HAL_DMA_Init
2000490c 2000490c      784     2         output\stm32u5xx_hal_dma.o:(.text.DMA_Init)
2000490c 2000490c        0     1                 $t
2000490d 2000490d      784     1                 DMA_Init
20005090 20005090      1e6     2         output\stm32u5xx_hal_dma.o:(.text.HAL_DMA_DeInit)
20005090 20005090        0     1                 $t
20005091 20005091      1e6     1                 HAL_DMA_DeInit
20005276 20005276       88     2         output\stm32u5xx_hal_dma.o:(.text.HAL_DMA_Start)
20005276 20005276        0     1                 $t
20005277 20005277       88     1                 HAL_DMA_Start
200052fe 200052fe       3a     2         output\stm32u5xx_hal_dma.o:(.text.DMA_SetConfig)
200052fe 200052fe        0     1                 $t
200052ff 200052ff       3a     1                 DMA_SetConfig
20005338 20005338       c0     2         output\stm32u5xx_hal_dma.o:(.text.HAL_DMA_Start_IT)
20005338 20005338        0     1                 $t
20005339 20005339       c0     1                 HAL_DMA_Start_IT
200053f8 200053f8       fe     2         output\stm32u5xx_hal_dma.o:(.text.HAL_DMA_Abort)
200053f8 200053f8        0     1                 $t
200053f9 200053f9       fe     1                 HAL_DMA_Abort
200054f6 200054f6       48     2         output\stm32u5xx_hal_dma.o:(.text.HAL_DMA_Abort_IT)
200054f6 200054f6        0     1                 $t
200054f7 200054f7       48     1                 HAL_DMA_Abort_IT
2000553e 2000553e      1ec     2         output\stm32u5xx_hal_dma.o:(.text.HAL_DMA_PollForTransfer)
2000553e 2000553e        0     1                 $t
2000553f 2000553f      1ec     1                 HAL_DMA_PollForTransfer
2000572a 2000572a      304     2         output\stm32u5xx_hal_dma.o:(.text.HAL_DMA_IRQHandler)
2000572a 2000572a        0     1                 $t
2000572b 2000572b      304     1                 HAL_DMA_IRQHandler
20005a30 20005a30       78     4         output\stm32u5xx_hal_dma.o:(.text.HAL_DMA_RegisterCallback)
20005a30 20005a30        0     1                 $t
20005a31 20005a31       78     1                 HAL_DMA_RegisterCallback
20005a60 20005a60        0     1                 $d
20005a66 20005a66        0     1                 $t
20005aa8 20005aa8       8e     4         output\stm32u5xx_hal_dma.o:(.text.HAL_DMA_UnRegisterCallback)
20005aa8 20005aa8        0     1                 $t
20005aa9 20005aa9       8e     1                 HAL_DMA_UnRegisterCallback
20005ad6 20005ad6        0     1                 $d
20005adc 20005adc        0     1                 $t
20005b36 20005b36        c     2         output\stm32u5xx_hal_dma.o:(.text.HAL_DMA_GetState)
20005b36 20005b36        0     1                 $t
20005b37 20005b37        c     1                 HAL_DMA_GetState
20005b42 20005b42        c     2         output\stm32u5xx_hal_dma.o:(.text.HAL_DMA_GetError)
20005b42 20005b42        0     1                 $t
20005b43 20005b43        c     1                 HAL_DMA_GetError
20005b4e 20005b4e      10a     2         output\stm32u5xx_hal_dma.o:(.text.HAL_DMA_ConfigChannelAttributes)
20005b4e 20005b4e        0     1                 $t
20005b4f 20005b4f      10a     1                 HAL_DMA_ConfigChannelAttributes
20005c58 20005c58       96     2         output\stm32u5xx_hal_dma.o:(.text.HAL_DMA_GetConfigChannelAttributes)
20005c58 20005c58        0     1                 $t
20005c59 20005c59       96     1                 HAL_DMA_GetConfigChannelAttributes
20005cee 20005cee       42     2         output\stm32u5xx_hal_dma.o:(.text.HAL_DMA_LockChannelAttributes)
20005cee 20005cee        0     1                 $t
20005cef 20005cef       42     1                 HAL_DMA_LockChannelAttributes
20005d30 20005d30       52     2         output\stm32u5xx_hal_dma.o:(.text.HAL_DMA_GetLockChannelAttributes)
20005d30 20005d30        0     1                 $t
20005d31 20005d31       52     1                 HAL_DMA_GetLockChannelAttributes
20005d82 20005d82      374     2         output\stm32u5xx_hal_dma_ex.o:(.text.HAL_DMAEx_List_Init)
20005d82 20005d82        0     1                 $t
20005d83 20005d83      374     1                 HAL_DMAEx_List_Init
200060f6 200060f6      410     2         output\stm32u5xx_hal_dma_ex.o:(.text.DMA_List_Init)
200060f6 200060f6        0     1                 $t
200060f7 200060f7      410     1                 DMA_List_Init
20006506 20006506      200     2         output\stm32u5xx_hal_dma_ex.o:(.text.HAL_DMAEx_List_DeInit)
20006506 20006506        0     1                 $t
20006507 20006507      200     1                 HAL_DMAEx_List_DeInit
20006706 20006706       e0     2         output\stm32u5xx_hal_dma_ex.o:(.text.HAL_DMAEx_List_Start)
20006706 20006706        0     1                 $t
20006707 20006707       e0     1                 HAL_DMAEx_List_Start
200067e6 200067e6       5e     2         output\stm32u5xx_hal_dma_ex.o:(.text.DMA_List_GetCLLRNodeInfo)
200067e6 200067e6        0     1                 $t
200067e7 200067e7       5e     1                 DMA_List_GetCLLRNodeInfo
20006844 20006844      11c     2         output\stm32u5xx_hal_dma_ex.o:(.text.HAL_DMAEx_List_Start_IT)
20006844 20006844        0     1                 $t
20006845 20006845      11c     1                 HAL_DMAEx_List_Start_IT
20006960 20006960       56     2         output\stm32u5xx_hal_dma_ex.o:(.text.HAL_DMAEx_List_BuildNode)
20006960 20006960        0     1                 $t
20006961 20006961       56     1                 HAL_DMAEx_List_BuildNode
200069b6 200069b6      2ea     2         output\stm32u5xx_hal_dma_ex.o:(.text.DMA_List_BuildNode)
200069b6 200069b6        0     1                 $t
200069b7 200069b7      2ea     1                 DMA_List_BuildNode
20006ca0 20006ca0       30     2         output\stm32u5xx_hal_dma_ex.o:(.text.HAL_DMAEx_List_GetNodeConfig)
20006ca0 20006ca0        0     1                 $t
20006ca1 20006ca1       30     1                 HAL_DMAEx_List_GetNodeConfig
20006cd0 20006cd0      250     2         output\stm32u5xx_hal_dma_ex.o:(.text.DMA_List_GetNodeConfig)
20006cd0 20006cd0        0     1                 $t
20006cd1 20006cd1      250     1                 DMA_List_GetNodeConfig
20006f20 20006f20      18e     2         output\stm32u5xx_hal_dma_ex.o:(.text.HAL_DMAEx_List_InsertNode)
20006f20 20006f20        0     1                 $t
20006f21 20006f21      18e     1                 HAL_DMAEx_List_InsertNode
200070ae 200070ae       68     2         output\stm32u5xx_hal_dma_ex.o:(.text.DMA_List_CheckNodesBaseAddresses)
200070ae 200070ae        0     1                 $t
200070af 200070af       68     1                 DMA_List_CheckNodesBaseAddresses
20007116 20007116       86     2         output\stm32u5xx_hal_dma_ex.o:(.text.DMA_List_CheckNodesTypes)
20007116 20007116        0     1                 $t
20007117 20007117       86     1                 DMA_List_CheckNodesTypes
2000719c 2000719c      146     2         output\stm32u5xx_hal_dma_ex.o:(.text.DMA_List_FindNode)
2000719c 2000719c        0     1                 $t
2000719d 2000719d      146     1                 DMA_List_FindNode
200072e2 200072e2       cc     2         output\stm32u5xx_hal_dma_ex.o:(.text.HAL_DMAEx_List_InsertNode_Head)
200072e2 200072e2        0     1                 $t
200072e3 200072e3       cc     1                 HAL_DMAEx_List_InsertNode_Head
200073ae 200073ae       e6     2         output\stm32u5xx_hal_dma_ex.o:(.text.HAL_DMAEx_List_InsertNode_Tail)
200073ae 200073ae        0     1                 $t
200073af 200073af       e6     1                 HAL_DMAEx_List_InsertNode_Tail
20007494 20007494      166     2         output\stm32u5xx_hal_dma_ex.o:(.text.HAL_DMAEx_List_RemoveNode)
20007494 20007494        0     1                 $t
20007495 20007495      166     1                 HAL_DMAEx_List_RemoveNode
200075fa 200075fa       22     2         output\stm32u5xx_hal_dma_ex.o:(.text.DMA_List_CleanQueue)
200075fa 200075fa        0     1                 $t
200075fb 200075fb       22     1                 DMA_List_CleanQueue
2000761c 2000761c       fe     2         output\stm32u5xx_hal_dma_ex.o:(.text.HAL_DMAEx_List_RemoveNode_Head)
2000761c 2000761c        0     1                 $t
2000761d 2000761d       fe     1                 HAL_DMAEx_List_RemoveNode_Head
2000771a 2000771a       ce     2         output\stm32u5xx_hal_dma_ex.o:(.text.HAL_DMAEx_List_RemoveNode_Tail)
2000771a 2000771a        0     1                 $t
2000771b 2000771b       ce     1                 HAL_DMAEx_List_RemoveNode_Tail
200077e8 200077e8      208     2         output\stm32u5xx_hal_dma_ex.o:(.text.HAL_DMAEx_List_ReplaceNode)
200077e8 200077e8        0     1                 $t
200077e9 200077e9      208     1                 HAL_DMAEx_List_ReplaceNode
200079f0 200079f0      100     2         output\stm32u5xx_hal_dma_ex.o:(.text.HAL_DMAEx_List_ReplaceNode_Head)
200079f0 200079f0        0     1                 $t
200079f1 200079f1      100     1                 HAL_DMAEx_List_ReplaceNode_Head
20007af0 20007af0       fc     2         output\stm32u5xx_hal_dma_ex.o:(.text.HAL_DMAEx_List_ReplaceNode_Tail)
20007af0 20007af0        0     1                 $t
20007af1 20007af1       fc     1                 HAL_DMAEx_List_ReplaceNode_Tail
20007bec 20007bec       8c     2         output\stm32u5xx_hal_dma_ex.o:(.text.HAL_DMAEx_List_ResetQ)
20007bec 20007bec        0     1                 $t
20007bed 20007bed       8c     1                 HAL_DMAEx_List_ResetQ
20007c78 20007c78       7e     2         output\stm32u5xx_hal_dma_ex.o:(.text.DMA_List_ResetQueueNodes)
20007c78 20007c78        0     1                 $t
20007c79 20007c79       7e     1                 DMA_List_ResetQueueNodes
20007cf6 20007cf6      258     2         output\stm32u5xx_hal_dma_ex.o:(.text.HAL_DMAEx_List_InsertQ)
20007cf6 20007cf6        0     1                 $t
20007cf7 20007cf7      258     1                 HAL_DMAEx_List_InsertQ
20007f4e 20007f4e      16a     2         output\stm32u5xx_hal_dma_ex.o:(.text.HAL_DMAEx_List_InsertQ_Head)
20007f4e 20007f4e        0     1                 $t
20007f4f 20007f4f      16a     1                 HAL_DMAEx_List_InsertQ_Head
200080b8 200080b8      15e     2         output\stm32u5xx_hal_dma_ex.o:(.text.HAL_DMAEx_List_InsertQ_Tail)
200080b8 200080b8        0     1                 $t
200080b9 200080b9      15e     1                 HAL_DMAEx_List_InsertQ_Tail
20008216 20008216       dc     2         output\stm32u5xx_hal_dma_ex.o:(.text.HAL_DMAEx_List_SetCircularModeConfig)
20008216 20008216        0     1                 $t
20008217 20008217       dc     1                 HAL_DMAEx_List_SetCircularModeConfig
200082f2 200082f2       be     2         output\stm32u5xx_hal_dma_ex.o:(.text.HAL_DMAEx_List_SetCircularMode)
200082f2 200082f2        0     1                 $t
200082f3 200082f3       be     1                 HAL_DMAEx_List_SetCircularMode
200083b0 200083b0       94     2         output\stm32u5xx_hal_dma_ex.o:(.text.HAL_DMAEx_List_ClearCircularMode)
200083b0 200083b0        0     1                 $t
200083b1 200083b1       94     1                 HAL_DMAEx_List_ClearCircularMode
20008444 20008444      120     2         output\stm32u5xx_hal_dma_ex.o:(.text.HAL_DMAEx_List_ConvertQToDynamic)
20008444 20008444        0     1                 $t
20008445 20008445      120     1                 HAL_DMAEx_List_ConvertQToDynamic
20008564 20008564       38     2         output\stm32u5xx_hal_dma_ex.o:(.text.DMA_List_FillNode)
20008564 20008564        0     1                 $t
20008565 20008565       38     1                 DMA_List_FillNode
2000859c 2000859c      104     2         output\stm32u5xx_hal_dma_ex.o:(.text.DMA_List_ConvertNodeToDynamic)
2000859c 2000859c        0     1                 $t
2000859d 2000859d      104     1                 DMA_List_ConvertNodeToDynamic
200086a0 200086a0       e0     2         output\stm32u5xx_hal_dma_ex.o:(.text.DMA_List_UpdateDynamicQueueNodesCLLR)
200086a0 200086a0        0     1                 $t
200086a1 200086a1       e0     1                 DMA_List_UpdateDynamicQueueNodesCLLR
20008780 20008780       c2     2         output\stm32u5xx_hal_dma_ex.o:(.text.HAL_DMAEx_List_ConvertQToStatic)
20008780 20008780        0     1                 $t
20008781 20008781       c2     1                 HAL_DMAEx_List_ConvertQToStatic
20008842 20008842       b0     2         output\stm32u5xx_hal_dma_ex.o:(.text.DMA_List_UpdateStaticQueueNodesCLLR)
20008842 20008842        0     1                 $t
20008843 20008843       b0     1                 DMA_List_UpdateStaticQueueNodesCLLR
200088f2 200088f2       ae     2         output\stm32u5xx_hal_dma_ex.o:(.text.DMA_List_ConvertNodeToStatic)
200088f2 200088f2        0     1                 $t
200088f3 200088f3       ae     1                 DMA_List_ConvertNodeToStatic
200089a0 200089a0      178     2         output\stm32u5xx_hal_dma_ex.o:(.text.HAL_DMAEx_List_LinkQ)
200089a0 200089a0        0     1                 $t
200089a1 200089a1      178     1                 HAL_DMAEx_List_LinkQ
20008b18 20008b18       4e     2         output\stm32u5xx_hal_dma_ex.o:(.text.HAL_DMAEx_List_UnLinkQ)
20008b18 20008b18        0     1                 $t
20008b19 20008b19       4e     1                 HAL_DMAEx_List_UnLinkQ
20008b66 20008b66       66     2         output\stm32u5xx_hal_dma_ex.o:(.text.HAL_DMAEx_ConfigDataHandling)
20008b66 20008b66        0     1                 $t
20008b67 20008b67       66     1                 HAL_DMAEx_ConfigDataHandling
20008bcc 20008bcc       6c     2         output\stm32u5xx_hal_dma_ex.o:(.text.HAL_DMAEx_ConfigTrigger)
20008bcc 20008bcc        0     1                 $t
20008bcd 20008bcd       6c     1                 HAL_DMAEx_ConfigTrigger
20008c38 20008c38      126     2         output\stm32u5xx_hal_dma_ex.o:(.text.HAL_DMAEx_ConfigRepeatBlock)
20008c38 20008c38        0     1                 $t
20008c39 20008c39      126     1                 HAL_DMAEx_ConfigRepeatBlock
20008d5e 20008d5e       9a     2         output\stm32u5xx_hal_dma_ex.o:(.text.HAL_DMAEx_Suspend)
20008d5e 20008d5e        0     1                 $t
20008d5f 20008d5f       9a     1                 HAL_DMAEx_Suspend
20008df8 20008df8       4c     2         output\stm32u5xx_hal_dma_ex.o:(.text.HAL_DMAEx_Suspend_IT)
20008df8 20008df8        0     1                 $t
20008df9 20008df9       4c     1                 HAL_DMAEx_Suspend_IT
20008e44 20008e44       5c     2         output\stm32u5xx_hal_dma_ex.o:(.text.HAL_DMAEx_Resume)
20008e44 20008e44        0     1                 $t
20008e45 20008e45       5c     1                 HAL_DMAEx_Resume
20008ea0 20008ea0       12     2         output\stm32u5xx_hal_dma_ex.o:(.text.HAL_DMAEx_GetFifoLevel)
20008ea0 20008ea0        0     1                 $t
20008ea1 20008ea1       12     1                 HAL_DMAEx_GetFifoLevel
20008eb2 20008eb2       70     2         output\stm32u5xx_hal_dma_ex.o:(.text.DMA_List_FormatNode)
20008eb2 20008eb2        0     1                 $t
20008eb3 20008eb3       70     1                 DMA_List_FormatNode
20008f22 20008f22       2c     2         output\stm32u5xx_hal_dma_ex.o:(.text.DMA_List_ClearUnusedFields)
20008f22 20008f22        0     1                 $t
20008f23 20008f23       2c     1                 DMA_List_ClearUnusedFields
20008f4e 20008f4e       d0     2         output\stm32u5xx_hal_flash.o:(.text.HAL_FLASH_Program)
20008f4e 20008f4e        0     1                 $t
20008f4f 20008f4f       d0     1                 HAL_FLASH_Program
2000901e 2000901e       da     2         output\stm32u5xx_hal_flash.o:(.text.FLASH_WaitForLastOperation)
2000901e 2000901e        0     1                 $t
2000901f 2000901f       da     1                 FLASH_WaitForLastOperation
200090f8 200090f8       86     2         output\stm32u5xx_hal_flash.o:(.text.FLASH_Program_QuadWord)
200090f8 200090f8        0     1                 $t
200090f9 200090f9       86     1                 FLASH_Program_QuadWord
2000917e 2000917e       8a     2         output\stm32u5xx_hal_flash.o:(.text.FLASH_Program_Burst)
2000917e 2000917e        0     1                 $t
2000917f 2000917f       8a     1                 FLASH_Program_Burst
20009208 20009208       c4     2         output\stm32u5xx_hal_flash.o:(.text.HAL_FLASH_Program_IT)
20009208 20009208        0     1                 $t
20009209 20009209       c4     1                 HAL_FLASH_Program_IT
200092cc 200092cc      208     2         output\stm32u5xx_hal_flash.o:(.text.HAL_FLASH_IRQHandler)
200092cc 200092cc        0     1                 $t
200092cd 200092cd      208     1                 HAL_FLASH_IRQHandler
200094d4 200094d4        8     2         output\stm32u5xx_hal_flash.o:(.text.HAL_FLASH_OperationErrorCallback)
200094d4 200094d4        0     1                 $t
200094d5 200094d5        8     1                 HAL_FLASH_OperationErrorCallback
200094dc 200094dc        8     2         output\stm32u5xx_hal_flash.o:(.text.HAL_FLASH_EndOfOperationCallback)
200094dc 200094dc        0     1                 $t
200094dd 200094dd        8     1                 HAL_FLASH_EndOfOperationCallback
200094e4 200094e4       9c     2         output\stm32u5xx_hal_flash.o:(.text.HAL_FLASH_Unlock)
200094e4 200094e4        0     1                 $t
200094e5 200094e5       9c     1                 HAL_FLASH_Unlock
20009580 20009580       50     2         output\stm32u5xx_hal_flash.o:(.text.HAL_FLASH_Lock)
20009580 20009580        0     1                 $t
20009581 20009581       50     1                 HAL_FLASH_Lock
200095d0 200095d0       56     2         output\stm32u5xx_hal_flash.o:(.text.HAL_FLASH_OB_Unlock)
200095d0 200095d0        0     1                 $t
200095d1 200095d1       56     1                 HAL_FLASH_OB_Unlock
20009626 20009626       2e     2         output\stm32u5xx_hal_flash.o:(.text.HAL_FLASH_OB_Lock)
20009626 20009626        0     1                 $t
20009627 20009627       2e     1                 HAL_FLASH_OB_Lock
20009654 20009654       14     2         output\stm32u5xx_hal_flash.o:(.text.HAL_FLASH_OB_Launch)
20009654 20009654        0     1                 $t
20009655 20009655       14     1                 HAL_FLASH_OB_Launch
20009668 20009668        c     2         output\stm32u5xx_hal_flash.o:(.text.HAL_FLASH_GetError)
20009668 20009668        0     1                 $t
20009669 20009669        c     1                 HAL_FLASH_GetError
20009674 20009674      11e     2         output\stm32u5xx_hal_flash_ex.o:(.text.HAL_FLASHEx_Erase)
20009674 20009674        0     1                 $t
20009675 20009675      11e     1                 HAL_FLASHEx_Erase
20009792 20009792       5e     2         output\stm32u5xx_hal_flash_ex.o:(.text.FLASH_MassErase)
20009792 20009792        0     1                 $t
20009793 20009793       5e     1                 FLASH_MassErase
200097f0 200097f0       70     2         output\stm32u5xx_hal_flash_ex.o:(.text.FLASH_PageErase)
200097f0 200097f0        0     1                 $t
200097f1 200097f1       70     1                 FLASH_PageErase
20009860 20009860       e0     2         output\stm32u5xx_hal_flash_ex.o:(.text.HAL_FLASHEx_Erase_IT)
20009860 20009860        0     1                 $t
20009861 20009861       e0     1                 HAL_FLASHEx_Erase_IT
20009940 20009940      132     2         output\stm32u5xx_hal_flash_ex.o:(.text.HAL_FLASHEx_OBProgram)
20009940 20009940        0     1                 $t
20009941 20009941      132     1                 HAL_FLASHEx_OBProgram
20009a72 20009a72       a6     2         output\stm32u5xx_hal_flash_ex.o:(.text.FLASH_OB_WRPConfig)
20009a72 20009a72        0     1                 $t
20009a73 20009a73       a6     1                 FLASH_OB_WRPConfig
20009b18 20009b18       1c     2         output\stm32u5xx_hal_flash_ex.o:(.text.FLASH_OB_RDPConfig)
20009b18 20009b18        0     1                 $t
20009b19 20009b19       1c     1                 FLASH_OB_RDPConfig
20009b34 20009b34       48     2         output\stm32u5xx_hal_flash_ex.o:(.text.FLASH_OB_RDPKeyConfig)
20009b34 20009b34        0     1                 $t
20009b35 20009b35       48     1                 FLASH_OB_RDPKeyConfig
20009b7c 20009b7c      2e8     2         output\stm32u5xx_hal_flash_ex.o:(.text.FLASH_OB_UserConfig)
20009b7c 20009b7c        0     1                 $t
20009b7d 20009b7d      2e8     1                 FLASH_OB_UserConfig
20009e64 20009e64      112     2         output\stm32u5xx_hal_flash_ex.o:(.text.FLASH_OB_WMSECConfig)
20009e64 20009e64        0     1                 $t
20009e65 20009e65      112     1                 FLASH_OB_WMSECConfig
20009f76 20009f76       1c     2         output\stm32u5xx_hal_flash_ex.o:(.text.FLASH_OB_BootLockConfig)
20009f76 20009f76        0     1                 $t
20009f77 20009f77       1c     1                 FLASH_OB_BootLockConfig
20009f92 20009f92       5a     2         output\stm32u5xx_hal_flash_ex.o:(.text.FLASH_OB_BootAddrConfig)
20009f92 20009f92        0     1                 $t
20009f93 20009f93       5a     1                 FLASH_OB_BootAddrConfig
20009fec 20009fec       e2     2         output\stm32u5xx_hal_flash_ex.o:(.text.HAL_FLASHEx_OBGetConfig)
20009fec 20009fec        0     1                 $t
20009fed 20009fed       e2     1                 HAL_FLASHEx_OBGetConfig
2000a0ce 2000a0ce       ce     2         output\stm32u5xx_hal_flash_ex.o:(.text.FLASH_OB_GetWRP)
2000a0ce 2000a0ce        0     1                 $t
2000a0cf 2000a0cf       ce     1                 FLASH_OB_GetWRP
2000a19c 2000a19c       3a     2         output\stm32u5xx_hal_flash_ex.o:(.text.FLASH_OB_GetRDP)
2000a19c 2000a19c        0     1                 $t
2000a19d 2000a19d       3a     1                 FLASH_OB_GetRDP
2000a1d6 2000a1d6       1c     2         output\stm32u5xx_hal_flash_ex.o:(.text.FLASH_OB_GetUser)
2000a1d6 2000a1d6        0     1                 $t
2000a1d7 2000a1d7       1c     1                 FLASH_OB_GetUser
2000a1f2 2000a1f2       9e     2         output\stm32u5xx_hal_flash_ex.o:(.text.FLASH_OB_GetWMSEC)
2000a1f2 2000a1f2        0     1                 $t
2000a1f3 2000a1f3       9e     1                 FLASH_OB_GetWMSEC
2000a290 2000a290       10     2         output\stm32u5xx_hal_flash_ex.o:(.text.FLASH_OB_GetBootLock)
2000a290 2000a290        0     1                 $t
2000a291 2000a291       10     1                 FLASH_OB_GetBootLock
2000a2a0 2000a2a0       64     2         output\stm32u5xx_hal_flash_ex.o:(.text.FLASH_OB_GetBootAddr)
2000a2a0 2000a2a0        0     1                 $t
2000a2a1 2000a2a1       64     1                 FLASH_OB_GetBootAddr
2000a304 2000a304       da     2         output\stm32u5xx_hal_flash_ex.o:(.text.HAL_FLASHEx_ConfigBBAttributes)
2000a304 2000a304        0     1                 $t
2000a305 2000a305       da     1                 HAL_FLASHEx_ConfigBBAttributes
2000a3de 2000a3de       90     2         output\stm32u5xx_hal_flash_ex.o:(.text.HAL_FLASHEx_GetConfigBBAttributes)
2000a3de 2000a3de        0     1                 $t
2000a3df 2000a3df       90     1                 HAL_FLASHEx_GetConfigBBAttributes
2000a46e 2000a46e       42     2         output\stm32u5xx_hal_flash_ex.o:(.text.HAL_FLASHEx_EnableSecHideProtection)
2000a46e 2000a46e        0     1                 $t
2000a46f 2000a46f       42     1                 HAL_FLASHEx_EnableSecHideProtection
2000a4b0 2000a4b0       1c     2         output\stm32u5xx_hal_flash_ex.o:(.text.HAL_FLASHEx_ConfigPrivMode)
2000a4b0 2000a4b0        0     1                 $t
2000a4b1 2000a4b1       1c     1                 HAL_FLASHEx_ConfigPrivMode
2000a4cc 2000a4cc       10     2         output\stm32u5xx_hal_flash_ex.o:(.text.HAL_FLASHEx_GetPrivMode)
2000a4cc 2000a4cc        0     1                 $t
2000a4cd 2000a4cd       10     1                 HAL_FLASHEx_GetPrivMode
2000a4dc 2000a4dc       72     2         output\stm32u5xx_hal_flash_ex.o:(.text.HAL_FLASHEx_ConfigSecInversion)
2000a4dc 2000a4dc        0     1                 $t
2000a4dd 2000a4dd       72     1                 HAL_FLASHEx_ConfigSecInversion
2000a54e 2000a54e       10     2         output\stm32u5xx_hal_flash_ex.o:(.text.HAL_FLASHEx_GetSecInversion)
2000a54e 2000a54e        0     1                 $t
2000a54f 2000a54f       10     1                 HAL_FLASHEx_GetSecInversion
2000a55e 2000a55e      160     2         output\stm32u5xx_hal_flash_ex.o:(.text.HAL_FLASHEx_EnablePowerDown)
2000a55e 2000a55e        0     1                 $t
2000a55f 2000a55f      160     1                 HAL_FLASHEx_EnablePowerDown
2000a6be 2000a6be       36     2         output\stm32u5xx_hal_flash_ex.o:(.text.HAL_FLASHEx_ConfigLowPowerRead)
2000a6be 2000a6be        0     1                 $t
2000a6bf 2000a6bf       36     1                 HAL_FLASHEx_ConfigLowPowerRead
2000a6f4 2000a6f4       10     2         output\stm32u5xx_hal_flash_ex.o:(.text.HAL_FLASHEx_GetLowPowerRead)
2000a6f4 2000a6f4        0     1                 $t
2000a6f5 2000a6f5       10     1                 HAL_FLASHEx_GetLowPowerRead
2000a704 2000a704       32     2         output\stm32u5xx_hal_flash_ex.o:(.text.HAL_FLASHEx_GetOperation)
2000a704 2000a704        0     1                 $t
2000a705 2000a705       32     1                 HAL_FLASHEx_GetOperation
2000a736 2000a736      3d8     2         output\stm32u5xx_hal_gpio.o:(.text.HAL_GPIO_Init)
2000a736 2000a736        0     1                 $t
2000a737 2000a737      3d8     1                 HAL_GPIO_Init
2000ab0e 2000ab0e      196     2         output\stm32u5xx_hal_gpio.o:(.text.HAL_GPIO_DeInit)
2000ab0e 2000ab0e        0     1                 $t
2000ab0f 2000ab0f      196     1                 HAL_GPIO_DeInit
2000aca4 2000aca4       28     2         output\stm32u5xx_hal_gpio.o:(.text.HAL_GPIO_ReadPin)
2000aca4 2000aca4        0     1                 $t
2000aca5 2000aca5       28     1                 HAL_GPIO_ReadPin
2000accc 2000accc       28     2         output\stm32u5xx_hal_gpio.o:(.text.HAL_GPIO_WritePin)
2000accc 2000accc        0     1                 $t
2000accd 2000accd       28     1                 HAL_GPIO_WritePin
2000acf4 2000acf4       24     2         output\stm32u5xx_hal_gpio.o:(.text.HAL_GPIO_WriteMultipleStatePin)
2000acf4 2000acf4        0     1                 $t
2000acf5 2000acf5       24     1                 HAL_GPIO_WriteMultipleStatePin
2000ad18 2000ad18       26     2         output\stm32u5xx_hal_gpio.o:(.text.HAL_GPIO_TogglePin)
2000ad18 2000ad18        0     1                 $t
2000ad19 2000ad19       26     1                 HAL_GPIO_TogglePin
2000ad3e 2000ad3e       dc     2         output\stm32u5xx_hal_gpio.o:(.text.HAL_GPIO_LockPin)
2000ad3e 2000ad3e        0     1                 $t
2000ad3f 2000ad3f       dc     1                 HAL_GPIO_LockPin
2000ae1a 2000ae1a       98     2         output\stm32u5xx_hal_gpio.o:(.text.HAL_GPIO_EnableHighSPeedLowVoltage)
2000ae1a 2000ae1a        0     1                 $t
2000ae1b 2000ae1b       98     1                 HAL_GPIO_EnableHighSPeedLowVoltage
2000aeb2 2000aeb2       98     2         output\stm32u5xx_hal_gpio.o:(.text.HAL_GPIO_DisableHighSPeedLowVoltage)
2000aeb2 2000aeb2        0     1                 $t
2000aeb3 2000aeb3       98     1                 HAL_GPIO_DisableHighSPeedLowVoltage
2000af4a 2000af4a       66     2         output\stm32u5xx_hal_gpio.o:(.text.HAL_GPIO_EXTI_IRQHandler)
2000af4a 2000af4a        0     1                 $t
2000af4b 2000af4b       66     1                 HAL_GPIO_EXTI_IRQHandler
2000afb0 2000afb0        a     2         output\stm32u5xx_hal_gpio.o:(.text.HAL_GPIO_EXTI_Rising_Callback)
2000afb0 2000afb0        0     1                 $t
2000afb1 2000afb1        a     1                 HAL_GPIO_EXTI_Rising_Callback
2000afba 2000afba        a     2         output\stm32u5xx_hal_gpio.o:(.text.HAL_GPIO_EXTI_Falling_Callback)
2000afba 2000afba        0     1                 $t
2000afbb 2000afbb        a     1                 HAL_GPIO_EXTI_Falling_Callback
2000afc4 2000afc4       88     2         output\stm32u5xx_hal_gpio.o:(.text.HAL_GPIO_ConfigPinAttributes)
2000afc4 2000afc4        0     1                 $t
2000afc5 2000afc5       88     1                 HAL_GPIO_ConfigPinAttributes
2000b04c 2000b04c       a8     2         output\stm32u5xx_hal_gpio.o:(.text.HAL_GPIO_GetConfigPinAttributes)
2000b04c 2000b04c        0     1                 $t
2000b04d 2000b04d       a8     1                 HAL_GPIO_GetConfigPinAttributes
2000b0f4 2000b0f4      180     2         output\stm32u5xx_hal_ospi.o:(.text.HAL_OSPI_Init)
2000b0f4 2000b0f4        0     1                 $t
2000b0f5 2000b0f5      180     1                 HAL_OSPI_Init
2000b274 2000b274        8     2         output\stm32u5xx_hal_ospi.o:(.text.HAL_OSPI_MspInit)
2000b274 2000b274        0     1                 $t
2000b275 2000b275        8     1                 HAL_OSPI_MspInit
2000b27c 2000b27c       12     2         output\stm32u5xx_hal_ospi.o:(.text.HAL_OSPI_SetTimeout)
2000b27c 2000b27c        0     1                 $t
2000b27d 2000b27d       12     1                 HAL_OSPI_SetTimeout
2000b28e 2000b28e       86     2         output\stm32u5xx_hal_ospi.o:(.text.OSPI_WaitFlagStateUntilTimeout)
2000b28e 2000b28e        0     1                 $t
2000b28f 2000b28f       86     1                 OSPI_WaitFlagStateUntilTimeout
2000b314 2000b314       44     2         output\stm32u5xx_hal_ospi.o:(.text.HAL_OSPI_DeInit)
2000b314 2000b314        0     1                 $t
2000b315 2000b315       44     1                 HAL_OSPI_DeInit
2000b358 2000b358        8     2         output\stm32u5xx_hal_ospi.o:(.text.HAL_OSPI_MspDeInit)
2000b358 2000b358        0     1                 $t
2000b359 2000b359        8     1                 HAL_OSPI_MspDeInit
2000b360 2000b360      28c     2         output\stm32u5xx_hal_ospi.o:(.text.HAL_OSPI_IRQHandler)
2000b360 2000b360        0     1                 $t
2000b361 2000b361      28c     1                 HAL_OSPI_IRQHandler
2000b5ec 2000b5ec        8     2         output\stm32u5xx_hal_ospi.o:(.text.HAL_OSPI_FifoThresholdCallback)
2000b5ec 2000b5ec        0     1                 $t
2000b5ed 2000b5ed        8     1                 HAL_OSPI_FifoThresholdCallback
2000b5f4 2000b5f4        8     2         output\stm32u5xx_hal_ospi.o:(.text.HAL_OSPI_RxCpltCallback)
2000b5f4 2000b5f4        0     1                 $t
2000b5f5 2000b5f5        8     1                 HAL_OSPI_RxCpltCallback
2000b5fc 2000b5fc        8     2         output\stm32u5xx_hal_ospi.o:(.text.HAL_OSPI_TxCpltCallback)
2000b5fc 2000b5fc        0     1                 $t
2000b5fd 2000b5fd        8     1                 HAL_OSPI_TxCpltCallback
2000b604 2000b604        8     2         output\stm32u5xx_hal_ospi.o:(.text.HAL_OSPI_CmdCpltCallback)
2000b604 2000b604        0     1                 $t
2000b605 2000b605        8     1                 HAL_OSPI_CmdCpltCallback
2000b60c 2000b60c        8     2         output\stm32u5xx_hal_ospi.o:(.text.HAL_OSPI_AbortCpltCallback)
2000b60c 2000b60c        0     1                 $t
2000b60d 2000b60d        8     1                 HAL_OSPI_AbortCpltCallback
2000b614 2000b614        8     2         output\stm32u5xx_hal_ospi.o:(.text.HAL_OSPI_ErrorCallback)
2000b614 2000b614        0     1                 $t
2000b615 2000b615        8     1                 HAL_OSPI_ErrorCallback
2000b61c 2000b61c        8     2         output\stm32u5xx_hal_ospi.o:(.text.HAL_OSPI_StatusMatchCallback)
2000b61c 2000b61c        0     1                 $t
2000b61d 2000b61d        8     1                 HAL_OSPI_StatusMatchCallback
2000b624 2000b624       78     2         output\stm32u5xx_hal_ospi.o:(.text.OSPI_DMAAbortCplt)
2000b624 2000b624        0     1                 $t
2000b625 2000b625       78     1                 OSPI_DMAAbortCplt
2000b69c 2000b69c        8     2         output\stm32u5xx_hal_ospi.o:(.text.HAL_OSPI_TimeOutCallback)
2000b69c 2000b69c        0     1                 $t
2000b69d 2000b69d        8     1                 HAL_OSPI_TimeOutCallback
2000b6a4 2000b6a4      17a     2         output\stm32u5xx_hal_ospi.o:(.text.HAL_OSPI_Command)
2000b6a4 2000b6a4        0     1                 $t
2000b6a5 2000b6a5      17a     1                 HAL_OSPI_Command
2000b81e 2000b81e      308     2         output\stm32u5xx_hal_ospi.o:(.text.OSPI_ConfigCmd)
2000b81e 2000b81e        0     1                 $t
2000b81f 2000b81f      308     1                 OSPI_ConfigCmd
2000bb26 2000bb26       ca     2         output\stm32u5xx_hal_ospi.o:(.text.HAL_OSPI_Command_IT)
2000bb26 2000bb26        0     1                 $t
2000bb27 2000bb27       ca     1                 HAL_OSPI_Command_IT
2000bbf0 2000bbf0       7a     2         output\stm32u5xx_hal_ospi.o:(.text.HAL_OSPI_HyperbusCfg)
2000bbf0 2000bbf0        0     1                 $t
2000bbf1 2000bbf1       7a     1                 HAL_OSPI_HyperbusCfg
2000bc6a 2000bc6a       c2     2         output\stm32u5xx_hal_ospi.o:(.text.HAL_OSPI_HyperbusCmd)
2000bc6a 2000bc6a        0     1                 $t
2000bc6b 2000bc6b       c2     1                 HAL_OSPI_HyperbusCmd
2000bd2c 2000bd2c       ea     2         output\stm32u5xx_hal_ospi.o:(.text.HAL_OSPI_Transmit)
2000bd2c 2000bd2c        0     1                 $t
2000bd2d 2000bd2d       ea     1                 HAL_OSPI_Transmit
2000be16 2000be16      13c     2         output\stm32u5xx_hal_ospi.o:(.text.HAL_OSPI_Receive)
2000be16 2000be16        0     1                 $t
2000be17 2000be17      13c     1                 HAL_OSPI_Receive
2000bf52 2000bf52       80     2         output\stm32u5xx_hal_ospi.o:(.text.HAL_OSPI_Transmit_IT)
2000bf52 2000bf52        0     1                 $t
2000bf53 2000bf53       80     1                 HAL_OSPI_Transmit_IT
2000bfd2 2000bfd2       d2     2         output\stm32u5xx_hal_ospi.o:(.text.HAL_OSPI_Receive_IT)
2000bfd2 2000bfd2        0     1                 $t
2000bfd3 2000bfd3       d2     1                 HAL_OSPI_Receive_IT
2000c0a4 2000c0a4      264     2         output\stm32u5xx_hal_ospi.o:(.text.HAL_OSPI_Transmit_DMA)
2000c0a4 2000c0a4        0     1                 $t
2000c0a5 2000c0a5      264     1                 HAL_OSPI_Transmit_DMA
2000c308 2000c308       38     2         output\stm32u5xx_hal_ospi.o:(.text.OSPI_DMACplt)
2000c308 2000c308        0     1                 $t
2000c309 2000c309       38     1                 OSPI_DMACplt
2000c340 2000c340       36     2         output\stm32u5xx_hal_ospi.o:(.text.OSPI_DMAHalfCplt)
2000c340 2000c340        0     1                 $t
2000c341 2000c341       36     1                 OSPI_DMAHalfCplt
2000c376 2000c376       4e     2         output\stm32u5xx_hal_ospi.o:(.text.OSPI_DMAError)
2000c376 2000c376        0     1                 $t
2000c377 2000c377       4e     1                 OSPI_DMAError
2000c3c4 2000c3c4      2ba     2         output\stm32u5xx_hal_ospi.o:(.text.HAL_OSPI_Receive_DMA)
2000c3c4 2000c3c4        0     1                 $t
2000c3c5 2000c3c5      2ba     1                 HAL_OSPI_Receive_DMA
2000c67e 2000c67e      116     2         output\stm32u5xx_hal_ospi.o:(.text.HAL_OSPI_AutoPolling)
2000c67e 2000c67e        0     1                 $t
2000c67f 2000c67f      116     1                 HAL_OSPI_AutoPolling
2000c794 2000c794       f8     2         output\stm32u5xx_hal_ospi.o:(.text.HAL_OSPI_AutoPolling_IT)
2000c794 2000c794        0     1                 $t
2000c795 2000c795       f8     1                 HAL_OSPI_AutoPolling_IT
2000c88c 2000c88c       96     2         output\stm32u5xx_hal_ospi.o:(.text.HAL_OSPI_MemoryMapped)
2000c88c 2000c88c        0     1                 $t
2000c88d 2000c88d       96     1                 HAL_OSPI_MemoryMapped
2000c922 2000c922        8     2         output\stm32u5xx_hal_ospi.o:(.text.HAL_OSPI_RxHalfCpltCallback)
2000c922 2000c922        0     1                 $t
2000c923 2000c923        8     1                 HAL_OSPI_RxHalfCpltCallback
2000c92a 2000c92a        8     2         output\stm32u5xx_hal_ospi.o:(.text.HAL_OSPI_TxHalfCpltCallback)
2000c92a 2000c92a        0     1                 $t
2000c92b 2000c92b        8     1                 HAL_OSPI_TxHalfCpltCallback
2000c932 2000c932       e8     2         output\stm32u5xx_hal_ospi.o:(.text.HAL_OSPI_Abort)
2000c932 2000c932        0     1                 $t
2000c933 2000c933       e8     1                 HAL_OSPI_Abort
2000ca1a 2000ca1a       dc     2         output\stm32u5xx_hal_ospi.o:(.text.HAL_OSPI_Abort_IT)
2000ca1a 2000ca1a        0     1                 $t
2000ca1b 2000ca1b       dc     1                 HAL_OSPI_Abort_IT
2000caf6 2000caf6       4c     2         output\stm32u5xx_hal_ospi.o:(.text.HAL_OSPI_SetFifoThreshold)
2000caf6 2000caf6        0     1                 $t
2000caf7 2000caf7       4c     1                 HAL_OSPI_SetFifoThreshold
2000cb42 2000cb42       18     2         output\stm32u5xx_hal_ospi.o:(.text.HAL_OSPI_GetFifoThreshold)
2000cb42 2000cb42        0     1                 $t
2000cb43 2000cb43       18     1                 HAL_OSPI_GetFifoThreshold
2000cb5a 2000cb5a        c     2         output\stm32u5xx_hal_ospi.o:(.text.HAL_OSPI_GetError)
2000cb5a 2000cb5a        0     1                 $t
2000cb5b 2000cb5b        c     1                 HAL_OSPI_GetError
2000cb66 2000cb66        c     2         output\stm32u5xx_hal_ospi.o:(.text.HAL_OSPI_GetState)
2000cb66 2000cb66        0     1                 $t
2000cb67 2000cb67        c     1                 HAL_OSPI_GetState
2000cb72 2000cb72      834     2         output\stm32u5xx_hal_ospi.o:(.text.HAL_OSPIM_Config)
2000cb72 2000cb72        0     1                 $t
2000cb73 2000cb73      834     1                 HAL_OSPIM_Config
2000d3a6 2000d3a6      1ae     2         output\stm32u5xx_hal_ospi.o:(.text.OSPIM_GetConfig)
2000d3a6 2000d3a6        0     1                 $t
2000d3a7 2000d3a7      1ae     1                 OSPIM_GetConfig
2000d554 2000d554       98     2         output\stm32u5xx_hal_ospi.o:(.text.HAL_OSPI_DLYB_SetConfig)
2000d554 2000d554        0     1                 $t
2000d555 2000d555       98     1                 HAL_OSPI_DLYB_SetConfig
2000d5ec 2000d5ec       12     2         output\stm32u5xx_hal_ospi.o:(.text.LL_DLYB_Enable)
2000d5ec 2000d5ec        0     1                 $t
2000d5ed 2000d5ed       12     1                 LL_DLYB_Enable
2000d5fe 2000d5fe       64     2         output\stm32u5xx_hal_ospi.o:(.text.HAL_OSPI_DLYB_GetConfig)
2000d5fe 2000d5fe        0     1                 $t
2000d5ff 2000d5ff       64     1                 HAL_OSPI_DLYB_GetConfig
2000d662 2000d662       bc     2         output\stm32u5xx_hal_ospi.o:(.text.HAL_OSPI_DLYB_GetClockPeriod)
2000d662 2000d662        0     1                 $t
2000d663 2000d663       bc     1                 HAL_OSPI_DLYB_GetClockPeriod
2000d71e 2000d71e       12     2         output\stm32u5xx_hal_ospi.o:(.text.LL_DLYB_Disable)
2000d71e 2000d71e        0     1                 $t
2000d71f 2000d71f       12     1                 LL_DLYB_Disable
2000d730 2000d730        2     2         output\stm32u5xx_hal_pwr.o:(.text.HAL_PWR_DeInit)
2000d730 2000d730        0     1                 $t
2000d731 2000d731        2     1                 HAL_PWR_DeInit
2000d732 2000d732       12     2         output\stm32u5xx_hal_pwr.o:(.text.HAL_PWR_EnableBkUpAccess)
2000d732 2000d732        0     1                 $t
2000d733 2000d733       12     1                 HAL_PWR_EnableBkUpAccess
2000d744 2000d744       12     2         output\stm32u5xx_hal_pwr.o:(.text.HAL_PWR_DisableBkUpAccess)
2000d744 2000d744        0     1                 $t
2000d745 2000d745       12     1                 HAL_PWR_DisableBkUpAccess
2000d756 2000d756       e8     2         output\stm32u5xx_hal_pwr.o:(.text.HAL_PWR_ConfigPVD)
2000d756 2000d756        0     1                 $t
2000d757 2000d757       e8     1                 HAL_PWR_ConfigPVD
2000d83e 2000d83e       12     2         output\stm32u5xx_hal_pwr.o:(.text.HAL_PWR_EnablePVD)
2000d83e 2000d83e        0     1                 $t
2000d83f 2000d83f       12     1                 HAL_PWR_EnablePVD
2000d850 2000d850       12     2         output\stm32u5xx_hal_pwr.o:(.text.HAL_PWR_DisablePVD)
2000d850 2000d850        0     1                 $t
2000d851 2000d851       12     1                 HAL_PWR_DisablePVD
2000d862 2000d862       64     2         output\stm32u5xx_hal_pwr.o:(.text.HAL_PWR_EnableWakeUpPin)
2000d862 2000d862        0     1                 $t
2000d863 2000d863       64     1                 HAL_PWR_EnableWakeUpPin
2000d8c6 2000d8c6       20     2         output\stm32u5xx_hal_pwr.o:(.text.HAL_PWR_DisableWakeUpPin)
2000d8c6 2000d8c6        0     1                 $t
2000d8c7 2000d8c7       20     1                 HAL_PWR_DisableWakeUpPin
2000d8e6 2000d8e6       32     2         output\stm32u5xx_hal_pwr.o:(.text.HAL_PWR_EnterSLEEPMode)
2000d8e6 2000d8e6        0     1                 $t
2000d8e7 2000d8e7       32     1                 HAL_PWR_EnterSLEEPMode
[...]
20017265 20017265      100     1                 HAL_XSPI_Abort
20017364 20017364      104     2         output\stm32u5xx_hal_xspi.o:(.text.HAL_XSPI_Abort_IT)
20017364 20017364        0     1                 $t
20017365 20017365      104     1                 HAL_XSPI_Abort_IT
20017468 20017468       d4     2         output\stm32u5xx_hal_xspi.o:(.text.HAL_XSPI_SetFifoThreshold)
20017468 20017468        0     1                 $t
20017469 20017469       d4     1                 HAL_XSPI_SetFifoThreshold
2001753c 2001753c       18     2         output\stm32u5xx_hal_xspi.o:(.text.HAL_XSPI_GetFifoThreshold)
2001753c 2001753c        0     1                 $t
2001753d 2001753d       18     1                 HAL_XSPI_GetFifoThreshold
20017554 20017554       44     2         output\stm32u5xx_hal_xspi.o:(.text.HAL_XSPI_SetMemoryType)
20017554 20017554        0     1                 $t
20017555 20017555       44     1                 HAL_XSPI_SetMemoryType
20017598 20017598       46     2         output\stm32u5xx_hal_xspi.o:(.text.HAL_XSPI_SetDeviceSize)
20017598 20017598        0     1                 $t
20017599 20017599       46     1                 HAL_XSPI_SetDeviceSize
200175de 200175de       44     2         output\stm32u5xx_hal_xspi.o:(.text.HAL_XSPI_SetClockPrescaler)
200175de 200175de        0     1                 $t
200175df 200175df       44     1                 HAL_XSPI_SetClockPrescaler
20017622 20017622        c     2         output\stm32u5xx_hal_xspi.o:(.text.HAL_XSPI_GetError)
20017622 20017622        0     1                 $t
20017623 20017623        c     1                 HAL_XSPI_GetError
2001762e 2001762e        c     2         output\stm32u5xx_hal_xspi.o:(.text.HAL_XSPI_GetState)
2001762e 2001762e        0     1                 $t
2001762f 2001762f        c     1                 HAL_XSPI_GetState
2001763a 2001763a      822     2         output\stm32u5xx_hal_xspi.o:(.text.HAL_XSPIM_Config)
2001763a 2001763a        0     1                 $t
2001763b 2001763b      822     1                 HAL_XSPIM_Config
20017e5c 20017e5c      188     2         output\stm32u5xx_hal_xspi.o:(.text.XSPIM_GetConfig)
20017e5c 20017e5c        0     1                 $t
20017e5d 20017e5d      188     1                 XSPIM_GetConfig
20017fe4 20017fe4       a2     2         output\stm32u5xx_hal_xspi.o:(.text.HAL_XSPI_DLYB_SetConfig)
20017fe4 20017fe4        0     1                 $t
20017fe5 20017fe5       a2     1                 HAL_XSPI_DLYB_SetConfig
20018086 20018086       12     2         output\stm32u5xx_hal_xspi.o:(.text.LL_DLYB_Enable)
20018086 20018086        0     1                 $t
20018087 20018087       12     1                 LL_DLYB_Enable
20018098 20018098       6e     2         output\stm32u5xx_hal_xspi.o:(.text.HAL_XSPI_DLYB_GetConfig)
20018098 20018098        0     1                 $t
20018099 20018099       6e     1                 HAL_XSPI_DLYB_GetConfig
20018106 20018106       c6     2         output\stm32u5xx_hal_xspi.o:(.text.HAL_XSPI_DLYB_GetClockPeriod)
20018106 20018106        0     1                 $t
20018107 20018107       c6     1                 HAL_XSPI_DLYB_GetClockPeriod
200181cc 200181cc       12     2         output\stm32u5xx_hal_xspi.o:(.text.LL_DLYB_Disable)
200181cc 200181cc        0     1                 $t
200181cd 200181cd       12     1                 LL_DLYB_Disable
200181e0 200181e0       ba     4         output\stm32u5xx_hal_xspi.o:(.text.HAL_XSPI_GetDelayValue)
200181e0 200181e0        0     1                 $t
200181e1 200181e1       ba     1                 HAL_XSPI_GetDelayValue
20018220 20018220        0     1                 $d
20018224 20018224        0     1                 $t
2001829a 2001829a       fc     2         output\stm32u5xx_hal_xspi.o:(.text.HAL_XSPI_SetDelayValue)
2001829a 2001829a        0     1                 $t
2001829b 2001829b       fc     1                 HAL_XSPI_SetDelayValue
20018396 20018396       2c     2         output\stm32u5xx_ll_dlyb.o:(.text.LL_DLYB_SetDelay)
20018396 20018396        0     1                 $t
20018397 20018397       2c     1                 LL_DLYB_SetDelay
200183c2 200183c2       22     2         output\stm32u5xx_ll_dlyb.o:(.text.LL_DLYB_GetDelay)
200183c2 200183c2        0     1                 $t
200183c3 200183c3       22     1                 LL_DLYB_GetDelay
200183e4 200183e4      100     2         output\stm32u5xx_ll_dlyb.o:(.text.LL_DLYB_GetClockPeriod)
200183e4 200183e4        0     1                 $t
200183e5 200183e5      100     1                 LL_DLYB_GetClockPeriod
200184e4 200184e4       76     2         output\system_stm32u5xx.o:(.text.SystemInit)
200184e4 200184e4        0     1                 $t
200184e5 200184e5       76     1                 SystemInit
2001855c 2001855c      1f8     4         output\system_stm32u5xx.o:(.text.SystemCoreClockUpdate)
2001855c 2001855c        0     1                 $t
2001855d 2001855d      1f8     1                 SystemCoreClockUpdate
200185c0 200185c0        0     1                 $d
200185ce 200185ce        0     1                 $t
2001874c 2001874c        0     1                 $d
20018754 20018754        0     1         _etext = .
20018754 20018754      120     4 .rodata
20018754 20018754       15     1         <internal>:(.rodata.str1.1)
2001876c 2001876c        8     4         output\stm32u5x9j_discovery.o:(.rodata.LED_PIN)
2001876c 2001876c        8     1                 LED_PIN
20018774 20018774        2     2         output\stm32u5x9j_discovery.o:(.rodata.BUTTON_PIN)
20018774 20018774        2     1                 BUTTON_PIN
20018778 20018778        4     4         output\stm32u5x9j_discovery.o:(.rodata.BUTTON_IRQn)
20018778 20018778        4     1                 BUTTON_IRQn
2001877c 2001877c       20     4         <internal>:(.rodata.cst32)
2001879c 2001879c       80     4         output\stm32u5xx_hal_gpio.o:(.rodata.LPGPIO_Map)
2001879c 2001879c       80     1                 LPGPIO_Map
2001881c 2001881c       10     1         output\system_stm32u5xx.o:(.rodata.AHBPrescTable)
2001881c 2001881c       10     1                 AHBPrescTable
2001882c 2001882c        8     1         output\system_stm32u5xx.o:(.rodata.APBPrescTable)
2001882c 2001882c        8     1                 APBPrescTable
20018834 20018834       40     4         output\system_stm32u5xx.o:(.rodata.MSIRangeTable)
20018834 20018834       40     1                 MSIRangeTable
20018874 20018874       10     4 .ARM
20018874 20018874        0     1         __exidx_start = .
20018874 20018874       10     4         <internal>:(.ARM.exidx)
20018884 20018884        0     1         __exidx_end = .
20018884 20018884       38     4 .data
20018884 20018884        0     1         _sdata = .
20018884 20018884        4     4         output\stm32u5x9j_discovery.o:(.data.COM_UART)
20018884 20018884        4     1                 COM_UART
20018888 20018888        8     4         output\stm32u5x9j_discovery.o:(.data.LED_PORT)
20018888 20018888        8     1                 LED_PORT
20018890 20018890        4     4         output\stm32u5x9j_discovery.o:(.data.BUTTON_PORT)
20018890 20018890        4     1                 BUTTON_PORT
20018894 20018894        4     4         output\stm32u5xx_hal.o:(.data.uwTickPrio)
20018894 20018894        4     1                 uwTickPrio
20018898 20018898        4     4         output\stm32u5xx_hal.o:(.data.uwTickFreq)
20018898 20018898        4     1                 uwTickFreq
2001889c 2001889c       1c     4         output\stm32u5xx_hal_flash.o:(.data.pFlash)
2001889c 2001889c       1c     1                 pFlash
200188b8 200188b8        4     4         output\system_stm32u5xx.o:(.data.SystemCoreClock)
200188b8 200188b8        4     1                 SystemCoreClock
200188bc 200188bc        0     1         _edata = .
200188bc 200188bc       88     4 .bss
200188bc 200188bc        0     1         _sbss = .
200188bc 200188bc        8     4         output\Loader_Src.o:(.bss.Flash)
200188bc 200188bc        8     1                 Flash
200188c4 200188c4        c     4         output\stm32u5x9j_discovery.o:(.bss.hpb_exti)
200188c4 200188c4        c     1                 hpb_exti
200188d0 200188d0       60     4         output\stm32u5x9j_discovery_ospi.o:(.bss.hospi_nor)
200188d0 200188d0       60     1                 hospi_nor
20018930 20018930        c     4         output\stm32u5x9j_discovery_ospi.o:(.bss.Ospi_Nor_Ctx)
20018930 20018930        c     1                 Ospi_Nor_Ctx
2001893c 2001893c        2     1         output\stm32u5x9j_discovery_ospi.o:(.bss.BSP_OSPI_NOR_GetStatus.reg)
2001893c 2001893c        2     1                 BSP_OSPI_NOR_GetStatus.reg
20018940 20018940        4     4         output\stm32u5xx_hal.o:(.bss.uwTick)
20018940 20018940        4     1                 uwTick
20018944 20018944        0     1         _ebss = .
20018944 20018944      804     1 ._user_heap_stack
20018944 20018944        4     1         . = ALIGN ( 8 )
20018948 20018948      400     1         . = . + _Min_Heap_Size
20018d48 20018d48      400     1         . = . + _Min_Stack_Size
20019148 20019148        0     1         . = ALIGN ( 8 )
       0        0       3c     1 .ARM.attributes
       0        0       3c     1         output\Dev_Inf.o:(.ARM.attributes)
20019148 20019148       c8     4 .StorageInfo
20019148 20019148        0     1         . = ALIGN ( 8 )
20019148 20019148       c8     4         output\Dev_Inf.o:(.StorageInfo)
20019148 20019148       c8     1                 StorageInfo
       0        0     1c50     1 .debug_abbrev
       0        0       6a     1         output\Dev_Inf.o:(.debug_abbrev)
      6a       6a      16d     1         output\Loader_Src.o:(.debug_abbrev)
     1d7      1d7       94     1         D:\LLVM\arm-none-eabi\lib\libc.a(bzero.c.o):(.debug_abbrev)
     26b      26b       21     1         D:\LLVM\arm-none-eabi\lib\libc.a(memset.S.o):(.debug_abbrev)
     28c      28c      14e     1         output\mx25um51245g.o:(.debug_abbrev)
     3da      3da      19a     1         output\stm32u5x9j_discovery.o:(.debug_abbrev)
     574      574      1f6     1         output\stm32u5x9j_discovery_ospi.o:(.debug_abbrev)
     76a      76a      18b     1         output\stm32u5xx_hal.o:(.debug_abbrev)
     8f5      8f5      1cd     1         output\stm32u5xx_hal_cortex.o:(.debug_abbrev)
     ac2      ac2      165     1         output\stm32u5xx_hal_dma.o:(.debug_abbrev)
     c27      c27      139     1         output\stm32u5xx_hal_dma_ex.o:(.debug_abbrev)
     d60      d60      1e3     1         output\stm32u5xx_hal_flash.o:(.debug_abbrev)
     f43      f43      19f     1         output\stm32u5xx_hal_flash_ex.o:(.debug_abbrev)
    10e2     10e2      192     1         output\stm32u5xx_hal_gpio.o:(.debug_abbrev)
    1274     1274      172     1         output\stm32u5xx_hal_ospi.o:(.debug_abbrev)
    13e6     13e6      185     1         output\stm32u5xx_hal_pwr.o:(.debug_abbrev)
    156b     156b      139     1         output\stm32u5xx_hal_pwr_ex.o:(.debug_abbrev)
    16a4     16a4      157     1         output\stm32u5xx_hal_rcc.o:(.debug_abbrev)
    17fb     17fb      13b     1         output\stm32u5xx_hal_rcc_ex.o:(.debug_abbrev)
    1936     1936      172     1         output\stm32u5xx_hal_xspi.o:(.debug_abbrev)
    1aa8     1aa8       db     1         output\stm32u5xx_ll_dlyb.o:(.debug_abbrev)
    1b83     1b83       cd     1         output\system_stm32u5xx.o:(.debug_abbrev)
       0        0    14a99     1 .debug_info
       0        0      101     1         output\Dev_Inf.o:(.debug_info)
     101      101      a1b     1         output\Loader_Src.o:(.debug_info)
     b1c      b1c       76     1         D:\LLVM\arm-none-eabi\lib\libc.a(bzero.c.o):(.debug_info)
     b92      b92      128     1         D:\LLVM\arm-none-eabi\lib\libc.a(memset.S.o):(.debug_info)
     cba      cba     17db     1         output\mx25um51245g.o:(.debug_info)
    2495     2495      fd8     1         output\stm32u5x9j_discovery.o:(.debug_info)
    346d     346d     1e5c     1         output\stm32u5x9j_discovery_ospi.o:(.debug_info)
    52c9     52c9     14bc     1         output\stm32u5xx_hal.o:(.debug_info)
    6785     6785     1722     1         output\stm32u5xx_hal_cortex.o:(.debug_info)
    7ea7     7ea7      aca     1         output\stm32u5xx_hal_dma.o:(.debug_info)
    8971     8971     1870     1         output\stm32u5xx_hal_dma_ex.o:(.debug_info)
    a1e1     a1e1      985     1         output\stm32u5xx_hal_flash.o:(.debug_info)
    ab66     ab66      d9e     1         output\stm32u5xx_hal_flash_ex.o:(.debug_info)
    b904     b904      8c0     1         output\stm32u5xx_hal_gpio.o:(.debug_info)
    c1c4     c1c4     1bb9     1         output\stm32u5xx_hal_ospi.o:(.debug_info)
    dd7d     dd7d      aa4     1         output\stm32u5xx_hal_pwr.o:(.debug_info)
    e821     e821      f59     1         output\stm32u5xx_hal_pwr_ex.o:(.debug_info)
    f77a     f77a     1418     1         output\stm32u5xx_hal_rcc.o:(.debug_info)
   10b92    10b92     1662     1         output\stm32u5xx_hal_rcc_ex.o:(.debug_info)
   121f4    121f4     1dca     1         output\stm32u5xx_hal_xspi.o:(.debug_info)
   13fbe    13fbe      1b1     1         output\stm32u5xx_ll_dlyb.o:(.debug_info)
   1416f    1416f      92a     1         output\system_stm32u5xx.o:(.debug_info)
       0        0     728d     1 .debug_str
       0        0     728d     1         <internal>:(.debug_str)
       0        0       29     1 .comment
       0        0       29     1         <internal>:(.comment)
       0        0    162c3     1 .debug_line
       0        0       56     1         output\Dev_Inf.o:(.debug_line)
      56       56      53c     1         output\Loader_Src.o:(.debug_line)
     592      592       a1     1         D:\LLVM\arm-none-eabi\lib\libc.a(bzero.c.o):(.debug_line)
     633      633       85     1         D:\LLVM\arm-none-eabi\lib\libc.a(memset.S.o):(.debug_line)
     6b8      6b8     16e4     1         output\mx25um51245g.o:(.debug_line)
    1d9c     1d9c      4b5     1         output\stm32u5x9j_discovery.o:(.debug_line)
    2251     2251     1456     1         output\stm32u5x9j_discovery_ospi.o:(.debug_line)
    36a7     36a7      7e5     1         output\stm32u5xx_hal.o:(.debug_line)
    3e8c     3e8c      983     1         output\stm32u5xx_hal_cortex.o:(.debug_line)
    480f     480f      f3b     1         output\stm32u5xx_hal_dma.o:(.debug_line)
    574a     574a     3208     1         output\stm32u5xx_hal_dma_ex.o:(.debug_line)
    8952     8952      726     1         output\stm32u5xx_hal_flash.o:(.debug_line)
    9078     9078     1060     1         output\stm32u5xx_hal_flash_ex.o:(.debug_line)
    a0d8     a0d8      b98     1         output\stm32u5xx_hal_gpio.o:(.debug_line)
    ac70     ac70     22c8     1         output\stm32u5xx_hal_ospi.o:(.debug_line)
    cf38     cf38      491     1         output\stm32u5xx_hal_pwr.o:(.debug_line)
    d3c9     d3c9     10bf     1         output\stm32u5xx_hal_pwr_ex.o:(.debug_line)
    e488     e488     1b31     1         output\stm32u5xx_hal_rcc.o:(.debug_line)
    ffb9     ffb9     361b     1         output\stm32u5xx_hal_rcc_ex.o:(.debug_line)
   135d4    135d4     27a3     1         output\stm32u5xx_hal_xspi.o:(.debug_line)
   15d77    15d77      292     1         output\stm32u5xx_ll_dlyb.o:(.debug_line)
   16009    16009      2ba     1         output\system_stm32u5xx.o:(.debug_line)
       0        0     1170     1 .debug_ranges
       0        0       58     1         output\Loader_Src.o:(.debug_ranges)
      58       58       e0     1         output\mx25um51245g.o:(.debug_ranges)
     138      138       80     1         output\stm32u5x9j_discovery.o:(.debug_ranges)
     1b8      1b8       c8     1         output\stm32u5x9j_discovery_ospi.o:(.debug_ranges)
     280      280      188     1         output\stm32u5xx_hal.o:(.debug_ranges)
     408      408      140     1         output\stm32u5xx_hal_cortex.o:(.debug_ranges)
     548      548       98     1         output\stm32u5xx_hal_dma.o:(.debug_ranges)
     5e0      5e0      190     1         output\stm32u5xx_hal_dma_ex.o:(.debug_ranges)
     770      770       78     1         output\stm32u5xx_hal_flash.o:(.debug_ranges)
     7e8      7e8       f8     1         output\stm32u5xx_hal_flash_ex.o:(.debug_ranges)
     8e0      8e0       78     1         output\stm32u5xx_hal_gpio.o:(.debug_ranges)
     958      958      188     1         output\stm32u5xx_hal_ospi.o:(.debug_ranges)
     ae0      ae0       a0     1         output\stm32u5xx_hal_pwr.o:(.debug_ranges)
     b80      b80      220     1         output\stm32u5xx_hal_pwr_ex.o:(.debug_ranges)
     da0      da0       98     1         output\stm32u5xx_hal_rcc.o:(.debug_ranges)
     e38      e38      150     1         output\stm32u5xx_hal_rcc_ex.o:(.debug_ranges)
     f88      f88      1b0     1         output\stm32u5xx_hal_xspi.o:(.debug_ranges)
    1138     1138       20     1         output\stm32u5xx_ll_dlyb.o:(.debug_ranges)
    1158     1158       18     1         output\system_stm32u5xx.o:(.debug_ranges)
       0        0     30c8     4 .debug_frame
       0        0      104     4         output\Loader_Src.o:(.debug_frame)
     104      104       24     4         D:\LLVM\arm-none-eabi\lib\libc.a(bzero.c.o):(.debug_frame)
     128      128       38     4         D:\LLVM\arm-none-eabi\lib\libc.a(memset.S.o):(.debug_frame)
     160      160      2fc     4         output\mx25um51245g.o:(.debug_frame)
     45c      45c      178     4         output\stm32u5x9j_discovery.o:(.debug_frame)
     5d4      5d4      2a8     4         output\stm32u5x9j_discovery_ospi.o:(.debug_frame)
     87c      87c      38c     4         output\stm32u5xx_hal.o:(.debug_frame)
     c08      c08      398     4         output\stm32u5xx_hal_cortex.o:(.debug_frame)
     fa0      fa0      1b0     4         output\stm32u5xx_hal_dma.o:(.debug_frame)
    1150     1150      4d4     4         output\stm32u5xx_hal_dma_ex.o:(.debug_frame)
    1624     1624      140     4         output\stm32u5xx_hal_flash.o:(.debug_frame)
    1764     1764      290     4         output\stm32u5xx_hal_flash_ex.o:(.debug_frame)
    19f4     19f4      130     4         output\stm32u5xx_hal_gpio.o:(.debug_frame)
    1b24     1b24      49c     4         output\stm32u5xx_hal_ospi.o:(.debug_frame)
    1fc0     1fc0      168     4         output\stm32u5xx_hal_pwr.o:(.debug_frame)
    2128     2128      4bc     4         output\stm32u5xx_hal_pwr_ex.o:(.debug_frame)
    25e4     25e4      1c4     4         output\stm32u5xx_hal_rcc.o:(.debug_frame)
    27a8     27a8      39c     4         output\stm32u5xx_hal_rcc_ex.o:(.debug_frame)
    2b44     2b44      4fc     4         output\stm32u5xx_hal_xspi.o:(.debug_frame)
    3040     3040       54     4         output\stm32u5xx_ll_dlyb.o:(.debug_frame)
    3094     3094       34     4         output\system_stm32u5xx.o:(.debug_frame)
       0        0       1b     1 .debug_loclists
       0        0       1b     1         D:\LLVM\arm-none-eabi\lib\libc.a(bzero.c.o):(.debug_loclists)
       0        0       30     1 .debug_str_offsets
       0        0       30     1         D:\LLVM\arm-none-eabi\lib\libc.a(bzero.c.o):(.debug_str_offsets)
       0        0       10     1 .debug_addr
       0        0       10     1         D:\LLVM\arm-none-eabi\lib\libc.a(bzero.c.o):(.debug_addr)
       0        0      253     1 .debug_line_str
       0        0      253     1         <internal>:(.debug_line_str)
       0        0       20     1 .debug_aranges
       0        0       20     1         D:\LLVM\arm-none-eabi\lib\libc.a(memset.S.o):(.debug_aranges)
       0        0     48f0     4 .symtab
       0        0     48f0     4         <internal>:(.symtab)
       0        0      10b     1 .shstrtab
       0        0      10b     1         <internal>:(.shstrtab)
       0        0     3c14     1 .strtab
       0        0     3c14     1         <internal>:(.strtab)
